 ClubServer

 Timestamp is 60b10af6 (Fri May 28 23:23:34 2021)

 Preferred load address is 00400000

 Start         Length     Name                   Class
 0001:00000000 0000004aH .text$di                CODE
 0001:00000050 000208d0H .text$mn                CODE
 0001:00020920 0000185bH .text$x                 CODE
 0001:00022180 00000025H .text$yd                CODE
 0002:00000000 00000568H .idata$5                DATA
 0002:00000568 00000004H .CRT$XCA                DATA
 0002:0000056c 00000004H .CRT$XCAA               DATA
 0002:00000570 00000008H .CRT$XCL                DATA
 0002:00000578 00000004H .CRT$XCU                DATA
 0002:0000057c 00000004H .CRT$XCZ                DATA
 0002:00000580 00000004H .CRT$XIA                DATA
 0002:00000584 00000004H .CRT$XIAA               DATA
 0002:00000588 00000008H .CRT$XIC                DATA
 0002:00000590 00000004H .CRT$XIY                DATA
 0002:00000594 00000004H .CRT$XIZ                DATA
 0002:000005a0 00005310H .rdata                  DATA
 0002:000058b0 00000064H .rdata$debug            DATA
 0002:00005914 00000f50H .rdata$r                DATA
 0002:00006870 0000019cH .rdata$sxdata           DATA
 0002:00006a0c 00000004H .rtc$IAA                DATA
 0002:00006a10 00000004H .rtc$IZZ                DATA
 0002:00006a14 00000004H .rtc$TAA                DATA
 0002:00006a18 00000004H .rtc$TZZ                DATA
 0002:00006a20 000022e4H .xdata$x                DATA
 0002:00008d04 00000000H ATL$__a                 DATA
 0002:00008d04 00000000H ATL$__z                 DATA
 0002:00008d04 00000000H .edata                  DATA
 0002:00008d04 000000b4H .idata$2                DATA
 0002:00008db8 00000014H .idata$3                DATA
 0002:00008dcc 00000568H .idata$4                DATA
 0002:00009334 00000d6aH .idata$6                DATA
 0003:00000000 00000240H .data                   DATA
 0003:00000240 00000888H .data$r                 DATA
 0003:00000ac8 000014a4H .bss                    DATA
 0004:00000000 00000388H .rsrc$01                DATA
 0004:00000390 000593d8H .rsrc$02                DATA

  Address         Publics by Value              Rva+Base       Lib:Object

 0000:00000000       ___guard_flags             00000000     <absolute>
 0000:00000000       ___guard_fids_count        00000000     <absolute>
 0000:00000000       __except_list              00000000     <absolute>
 0000:00000000       ___guard_fids_table        00000000     <absolute>
 0000:00000067       ___safe_se_handler_count   00000067     <absolute>
 0000:00009876       __ldused                   00009876     <absolute>
 0000:00009876       __fltused                  00009876     <absolute>
 0000:00000000       ___ImageBase               00400000     <linker-defined>
 0001:00000050       ??_GCAccessServerApp@@UAEPAXI@Z 00401050 f i AccessServer.obj
 0001:00000050       ??_ECAccessServerApp@@UAEPAXI@Z 00401050 f i AccessServer.obj
 0001:00000080       ?GetApplicationRecoveryPingInterval@CWinApp@@UAEKXZ 00401080 f i AccessServer.obj
 0001:00000090       ?GetMessageMap@CAccessServerApp@@MBEPBUAFX_MSGMAP@@XZ 00401090 f   AccessServer.obj
 0001:000000a0       ?InitInstance@CAccessServerApp@@UAEHXZ 004010a0 f   AccessServer.obj
 0001:00000150       ?ReopenPreviousFilesAtRestart@CWinApp@@UBEHXZ 00401150 f i AccessServer.obj
 0001:00000160       ?RestoreAutosavedFilesAtRestart@CWinApp@@UBEHXZ 00401160 f i AccessServer.obj
 0001:00000170       ?SupportsApplicationRecovery@CWinApp@@UBEHXZ 00401170 f i AccessServer.obj
 0001:00000180       ?SupportsAutosaveAtInterval@CWinApp@@UBEHXZ 00401180 f i AccessServer.obj
 0001:00000190       ?SupportsAutosaveAtRestart@CWinApp@@UBEHXZ 00401190 f i AccessServer.obj
 0001:000001a0       ?SupportsRestartManager@CWinApp@@UBEHXZ 004011a0 f i AccessServer.obj
 0001:000001b0       ??$_snwprintf_s@$0IA@@@YAHAAY0IA@_WIPB_WZZ 004011b0 f i AccessServerDlg.obj
 0001:000001d0       ??0CAccessServerDlg@@QAE@XZ 004011d0 f   AccessServerDlg.obj
 0001:00000250       ??1CAccessServerDlg@@UAE@XZ 00401250 f   AccessServerDlg.obj
 0001:000002d0       ??_GCAccessServerDlg@@UAEPAXI@Z 004012d0 f i AccessServerDlg.obj
 0001:000002d0       ??_ECAccessServerDlg@@UAEPAXI@Z 004012d0 f i AccessServerDlg.obj
 0001:00000360       ?BeginModalState@CWnd@@UAEXXZ 00401360 f i AccessServerDlg.obj
 0001:00000370       ?Create@CDialog@@UAEHIPAVCWnd@@@Z 00401370 f i AccessServerDlg.obj
 0001:00000390       ?DoDataExchange@CAccessServerDlg@@MAEXPAVCDataExchange@@@Z 00401390 f   AccessServerDlg.obj
 0001:000003b0       ?DoDataExchange@CWnd@@MAEXPAVCDataExchange@@@Z 004013b0 f i AccessServerDlg.obj
 0001:000003b0       ?Serialize@CObject@@UAEXAAVCArchive@@@Z 004013b0 f i AccessServer.obj
 0001:000003b0       ?Dump@CObject@@UBEXAAVCDumpContext@@@Z 004013b0 f i AccessServer.obj
 0001:000003c0       ?EndModalState@CWnd@@UAEXXZ 004013c0 f i AccessServerDlg.obj
 0001:000003d0       ?GetMessageMap@CAccessServerDlg@@MBEPBUAFX_MSGMAP@@XZ 004013d0 f   AccessServerDlg.obj
 0001:000003e0       ?AssertValid@CObject@@UBEXXZ 004013e0 f   AccessServer.obj
 0001:000003e0       ?Release@CDataBaseEngineSink@@UAEXXZ 004013e0 f   DataBaseEngineSink.obj
 0001:000003e0       ?OnOK@CAccessServerDlg@@MAEXXZ 004013e0 f   AccessServerDlg.obj
 0001:000003e0       ?Release@CAttemperEngineSink@@UAEXXZ 004013e0 f   AttemperEngineSink.obj
 0001:000003e0       ?OnBnClickedLoadOption@CAccessServerDlg@@IAEXXZ 004013e0 f   AccessServerDlg.obj
 0001:000003f0       ?OnBnClickedStartService@CAccessServerDlg@@IAEXXZ 004013f0 f   AccessServerDlg.obj
 0001:00000490       ?OnBnClickedStopService@CAccessServerDlg@@IAEXXZ 00401490 f   AccessServerDlg.obj
 0001:000004f0       ?OnCancel@CAccessServerDlg@@MAEXXZ 004014f0 f   AccessServerDlg.obj
 0001:00000540       ?OnInitDialog@CAccessServerDlg@@MAEHXZ 00401540 f   AccessServerDlg.obj
 0001:000005a0       ?OnQueryEndSession@CAccessServerDlg@@QAEHXZ 004015a0 f   AccessServerDlg.obj
 0001:000005e0       ?OnServiceUnitsStatus@CAccessServerDlg@@UAEXW4enServiceStatus@@@Z 004015e0 f   AccessServerDlg.obj
 0001:000007f0       ?PreTranslateMessage@CAccessServerDlg@@MAEHPAUtagMSG@@@Z 004017f0 f   AccessServerDlg.obj
 0001:00000820       ??$_snwprintf_s@$0BAE@@@YAHAAY0BAE@_WIPB_WZZ 00401820 f i AttemperEngineSink.obj
 0001:00000840       ??$_snwprintf_s@$0CAA@@@YAHAAY0CAA@_WIPB_WZZ 00401840 f i AttemperEngineSink.obj
 0001:00000860       ??$swprintf_s@$0BAE@@@YAHAAY0BAE@_WPB_WZZ 00401860 f i AttemperEngineSink.obj
 0001:00000880       ??0CAttemperEngineSink@@QAE@XZ 00401880 f   AttemperEngineSink.obj
 0001:000009f0       ??1?$CWHArray@UtagIMGroupOption@@ABU1@@@UAE@XZ 004019f0 f i AttemperEngineSink.obj
 0001:00000a20       ??1CAttemperEngineSink@@UAE@XZ 00401a20 f   AttemperEngineSink.obj
 0001:00000ad0       ??_G?$CWHArray@UtagIMGroupOption@@ABU1@@@UAEPAXI@Z 00401ad0 f i AttemperEngineSink.obj
 0001:00000ad0       ??_E?$CWHArray@UtagIMGroupOption@@ABU1@@@UAEPAXI@Z 00401ad0 f i AttemperEngineSink.obj
 0001:00000b10       ??_ECAttemperEngineSink@@UAEPAXI@Z 00401b10 f i AttemperEngineSink.obj
 0001:00000b10       ??_GCAttemperEngineSink@@UAEPAXI@Z 00401b10 f i AttemperEngineSink.obj
 0001:00000b40       ?AllocMemory@?$CWHArray@UtagIMGroupOption@@ABU1@@@QAEXH@Z 00401b40 f i AttemperEngineSink.obj
 0001:00000bd0       ?AtlThrowImpl@ATL@@YGXJ@Z  00401bd0 f i AttemperEngineSink.obj
 0001:00000bf0       ?CheckClubName@CAttemperEngineSink@@IAEHPB_W@Z 00401bf0 f   AttemperEngineSink.obj
 0001:00000cd0       ?CheckClubUser@CAttemperEngineSink@@IAE_NKK@Z 00401cd0 f   AttemperEngineSink.obj
 0001:00000e10       ?GetAssocAt@?$CMap@KKUtagClubTableInfo@@AAU1@@@IBEPAVCAssoc@1@KAAI0@Z 00401e10 f i AttemperEngineSink.obj
 0001:00000e80       ?GetBindParameter@CAttemperEngineSink@@IAEPAUtagBindParameter@@G@Z 00401e80 f   AttemperEngineSink.obj
 0001:00000ec0       ?GetLocalTm@CTime@ATL@@QBEPAUtm@@PAU3@@Z 00401ec0 f i AttemperEngineSink.obj
 0001:00000f40       ?GetNextAssoc@?$CMap@KKUtagClubTableInfo@@AAU1@@@QBEXAAPAU__POSITION@@AAKAAUtagClubTableInfo@@@Z 00401f40 f i AttemperEngineSink.obj
 0001:00000fe0       ?Lookup@?$CMap@KKUtagClubTableInfo@@AAU1@@@QBEHKAAUtagClubTableInfo@@@Z 00401fe0 f i AttemperEngineSink.obj
 0001:00001020       ?OnAttemperEngineConclude@CAttemperEngineSink@@UAE_NPAUIUnknownEx@@@Z 00402020 f   AttemperEngineSink.obj
 0001:000011d0       ?OnAttemperEngineStart@CAttemperEngineSink@@UAE_NPAUIUnknownEx@@@Z 004021d0 f   AttemperEngineSink.obj
 0001:00001280       ?OnDBAddTeamer@CAttemperEngineSink@@IAE_NKPAXG@Z 00402280 f   AttemperEngineSink.obj
 0001:000014e0       ?OnDBAppendConfig@CAttemperEngineSink@@IAE_NKPAXG@Z 004024e0 f   AttemperEngineSink.obj
 0001:00001700       ?OnDBApplyDelResult@CAttemperEngineSink@@IAE_NKPAXG@Z 00402700 f   AttemperEngineSink.obj
 0001:000018b0       ?OnDBApplyMessage@CAttemperEngineSink@@IAE_NKPAXG@Z 004028b0 f   AttemperEngineSink.obj
 0001:00001960       ?OnDBBattleResult@CAttemperEngineSink@@IAE_NKPAXG@Z 00402960 f   AttemperEngineSink.obj
 0001:00001a00       ?OnDBBigWinnerShow@CAttemperEngineSink@@IAE_NKPAXG@Z 00402a00 f   AttemperEngineSink.obj
 0001:00001a60       ?OnDBBlindCode@CAttemperEngineSink@@IAE_NKPAXG@Z 00402a60 f   AttemperEngineSink.obj
 0001:00001ba0       ?OnDBBoxInfo@CAttemperEngineSink@@IAE_NKPAXG@Z 00402ba0 f   AttemperEngineSink.obj
 0001:00001c00       ?OnDBCaptainList@CAttemperEngineSink@@IAE_NKPAXG@Z 00402c00 f   AttemperEngineSink.obj
 0001:00001c60       ?OnDBCaptainPoint@CAttemperEngineSink@@IAE_NKPAXG@Z 00402c60 f   AttemperEngineSink.obj
 0001:00001d60       ?OnDBClearMedal@CAttemperEngineSink@@IAE_NKPAXG@Z 00402d60 f   AttemperEngineSink.obj
 0001:00001df0       ?OnDBCreateGroup@CAttemperEngineSink@@IAE_NKPAXG@Z 00402df0 f   AttemperEngineSink.obj
 0001:00001fc0       ?OnDBDayRecordList@CAttemperEngineSink@@IAE_NKPAXG@Z 00402fc0 f   AttemperEngineSink.obj
 0001:00002020       ?OnDBDeleteConfig@CAttemperEngineSink@@IAE_NKPAXG@Z 00403020 f   AttemperEngineSink.obj
 0001:00002220       ?OnDBDeleteGroup@CAttemperEngineSink@@IAE_NKPAXG@Z 00403220 f   AttemperEngineSink.obj
 0001:00002360       ?OnDBDeleteMember@CAttemperEngineSink@@IAE_NKPAXG@Z 00403360 f   AttemperEngineSink.obj
 0001:000025c0       ?OnDBFavoriteConfig@CAttemperEngineSink@@IAE_NKPAXG@Z 004035c0 f   AttemperEngineSink.obj
 0001:00002660       ?OnDBForbidWords@CAttemperEngineSink@@IAE_NKPAXG@Z 00403660 f   AttemperEngineSink.obj
 0001:00002740       ?OnDBFreeTableLImit@CAttemperEngineSink@@IAE_NKPAXG@Z 00403740 f   AttemperEngineSink.obj
 0001:000027a0       ?OnDBGetAwardScore@CAttemperEngineSink@@IAE_NKPAXG@Z 004037a0 f   AttemperEngineSink.obj
 0001:000028b0       ?OnDBGroupCommonInfo@CAttemperEngineSink@@IAE_NKPAXG@Z 004038b0 f   AttemperEngineSink.obj
 0001:00002920       ?OnDBGroupConfig@CAttemperEngineSink@@IAE_NKPAXG@Z 00403920 f   AttemperEngineSink.obj
 0001:00002a20       ?OnDBGroupDayDetailList@CAttemperEngineSink@@IAE_NKPAXG@Z 00403a20 f   AttemperEngineSink.obj
 0001:00002a80       ?OnDBGroupItem@CAttemperEngineSink@@IAE_NKPAXG@Z 00403a80 f   AttemperEngineSink.obj
 0001:00002ae0       ?OnDBGroupList@CAttemperEngineSink@@IAE_NKPAXG@Z 00403ae0 f   AttemperEngineSink.obj
 0001:00002bb0       ?OnDBGroupListFinish@CAttemperEngineSink@@IAE_NKPAXG@Z 00403bb0 f   AttemperEngineSink.obj
 0001:00002c90       ?OnDBGroupMember@CAttemperEngineSink@@IAE_NKPAXG@Z 00403c90 f   AttemperEngineSink.obj
 0001:00002ed0       ?OnDBGroupName@CAttemperEngineSink@@IAE_NKPAXG@Z 00403ed0 f   AttemperEngineSink.obj
 0001:00002f50       ?OnDBGroupOption@CAttemperEngineSink@@IAE_NKPAXG@Z 00403f50 f   AttemperEngineSink.obj
 0001:00003060       ?OnDBGroupPrivacy@CAttemperEngineSink@@IAE_NKPAXG@Z 00404060 f   AttemperEngineSink.obj
 0001:000030c0       ?OnDBGroupStatus@CAttemperEngineSink@@IAE_NKPAXG@Z 004040c0 f   AttemperEngineSink.obj
 0001:00003120       ?OnDBInOutMode@CAttemperEngineSink@@IAE_NKPAXG@Z 00404120 f   AttemperEngineSink.obj
 0001:000031a0       ?OnDBInsertMember@CAttemperEngineSink@@IAE_NKPAXG@Z 004041a0 f   AttemperEngineSink.obj
 0001:00003490       ?OnDBInvitationCode@CAttemperEngineSink@@IAE_NKPAXG@Z 00404490 f   AttemperEngineSink.obj
 0001:000034f0       ?OnDBLogonFailure@CAttemperEngineSink@@IAE_NKPAXG@Z 004044f0 f   AttemperEngineSink.obj
 0001:000035c0       ?OnDBLogonSuccess@CAttemperEngineSink@@IAE_NKPAXG@Z 004045c0 f   AttemperEngineSink.obj
 0001:000038d0       ?OnDBMedalMode@CAttemperEngineSink@@IAE_NKPAXG@Z 004048d0 f   AttemperEngineSink.obj
 0001:00003ab0       ?OnDBModifyConfig@CAttemperEngineSink@@IAE_NKPAXG@Z 00404ab0 f   AttemperEngineSink.obj
 0001:00003c10       ?OnDBModifyInfo@CAttemperEngineSink@@IAE_NKPAXG@Z 00404c10 f   AttemperEngineSink.obj
 0001:00003e50       ?OnDBModifyRight@CAttemperEngineSink@@IAE_NKPAXG@Z 00404e50 f   AttemperEngineSink.obj
 0001:00004040       ?OnDBOperateFailure@CAttemperEngineSink@@IAE_NKPAXG@Z 00405040 f   AttemperEngineSink.obj
 0001:00004150       ?OnDBOperateSuccess@CAttemperEngineSink@@IAE_NKPAXG@Z 00405150 f   AttemperEngineSink.obj
 0001:00004240       ?OnDBPresentList@CAttemperEngineSink@@IAE_NKPAXG@Z 00405240 f   AttemperEngineSink.obj
 0001:000042a0       ?OnDBPresentSuccess@CAttemperEngineSink@@IAE_NKPAXG@Z 004052a0 f   AttemperEngineSink.obj
 0001:000044c0       ?OnDBQueryCreateResult@CAttemperEngineSink@@IAE_NKPAXG@Z 004054c0 f   AttemperEngineSink.obj
 0001:000045a0       ?OnDBQueryManagerRight@CAttemperEngineSink@@IAE_NKPAXG@Z 004055a0 f   AttemperEngineSink.obj
 0001:00004660       ?OnDBQueryScore@CAttemperEngineSink@@IAE_NKPAXG@Z 00405660 f   AttemperEngineSink.obj
 0001:000046c0       ?OnDBRevenueList@CAttemperEngineSink@@IAE_NKPAXG@Z 004056c0 f   AttemperEngineSink.obj
 0001:00004720       ?OnDBRollMsg@CAttemperEngineSink@@IAE_NKPAXG@Z 00405720 f   AttemperEngineSink.obj
 0001:000048e0       ?OnDBRoomDetailInfo@CAttemperEngineSink@@IAE_NKPAXG@Z 004058e0 f   AttemperEngineSink.obj
 0001:00004950       ?OnDBSetFlag@CAttemperEngineSink@@IAE_NKPAXG@Z 00405950 f   AttemperEngineSink.obj
 0001:00004a40       ?OnDBSetManagerRight@CAttemperEngineSink@@IAE_NKPAXG@Z 00405a40 f   AttemperEngineSink.obj
 0001:00004b40       ?OnDBTeamDayRecord@CAttemperEngineSink@@IAE_NKPAXG@Z 00405b40 f   AttemperEngineSink.obj
 0001:00004ba0       ?OnDBTeamerDayRecord@CAttemperEngineSink@@IAE_NKPAXG@Z 00405ba0 f   AttemperEngineSink.obj
 0001:00004c00       ?OnDBUpdateGroup@CAttemperEngineSink@@IAE_NKPAXG@Z 00405c00 f   AttemperEngineSink.obj
 0001:00004db0       ?OnDBUpdateMember@CAttemperEngineSink@@IAE_NKPAXG@Z 00405db0 f   AttemperEngineSink.obj
 0001:00004e10       ?OnDBUserDayDetailList@CAttemperEngineSink@@IAE_NKPAXG@Z 00405e10 f   AttemperEngineSink.obj
 0001:00004e70       ?OnDBWealthUpdate@CAttemperEngineSink@@IAE_NKPAXG@Z 00405e70 f   AttemperEngineSink.obj
 0001:00004f40       ?OnEventControl@CAttemperEngineSink@@UAE_NGPAXG@Z 00405f40 f   AttemperEngineSink.obj
 0001:00005190       ?OnEventDataBase@CAttemperEngineSink@@UAE_NGKPAXG@Z 00406190 f   AttemperEngineSink.obj
 0001:00005d60       ?OnEventTCPNetworkBind@CAttemperEngineSink@@UAE_NKK@Z 00406d60 f   AttemperEngineSink.obj
 0001:00005e40       ?OnEventTCPNetworkRead@CAttemperEngineSink@@UAE_NUTCP_Command@@PAXGK@Z 00406e40 f   AttemperEngineSink.obj
 0001:00005fb0       ?OnEventTCPNetworkShut@CAttemperEngineSink@@UAE_NKKK@Z 00406fb0 f   AttemperEngineSink.obj
 0001:000061d0       ?OnEventTCPSocketLink@CAttemperEngineSink@@UAE_NGH@Z 004071d0 f   AttemperEngineSink.obj
 0001:00006540       ?OnEventTCPSocketRead@CAttemperEngineSink@@UAE_NGUTCP_Command@@PAXG@Z 00407540 f   AttemperEngineSink.obj
 0001:000068a0       ?OnEventTCPSocketShut@CAttemperEngineSink@@UAE_NGE@Z 004078a0 f   AttemperEngineSink.obj
 0001:00006ac0       ?OnEventTimer@CAttemperEngineSink@@UAE_NKI@Z 00407ac0 f   AttemperEngineSink.obj
 0001:00006ef0       ?OnEventUserLogon@CAttemperEngineSink@@IAE_NPAVCLocalUserItem@@@Z 00407ef0 f   AttemperEngineSink.obj
 0001:000073e0       ?OnTCPNetworkMainBattleService@CAttemperEngineSink@@IAE_NGPAXGK@Z 004083e0 f   AttemperEngineSink.obj
 0001:00007840       ?OnTCPNetworkMainGroupService@CAttemperEngineSink@@IAE_NGPAXGK@Z 00408840 f   AttemperEngineSink.obj
 0001:00007dc0       ?OnTCPNetworkMainLogicService@CAttemperEngineSink@@IAE_NGPAXGK@Z 00408dc0 f   AttemperEngineSink.obj
 0001:0000a130       ?OnTCPSocketAIMainRegister@CAttemperEngineSink@@IAE_NGPAXG@Z 0040b130 f   AttemperEngineSink.obj
 0001:0000a390       ?OnTCPSocketBattleMainBattleService@CAttemperEngineSink@@IAE_NGPAXG@Z 0040b390 f   AttemperEngineSink.obj
 0001:0000b0a0       ?OnTCPSocketBattleMainRegister@CAttemperEngineSink@@IAE_NGPAXG@Z 0040c0a0 f   AttemperEngineSink.obj
 0001:0000b130       ?OnTCPSocketClubInfo@CAttemperEngineSink@@IAE_NGPAXG@Z 0040c130 f   AttemperEngineSink.obj
 0001:0000b1a0       ?OnTCPSocketMainRegister@CAttemperEngineSink@@IAE_NGPAXG@Z 0040c1a0 f   AttemperEngineSink.obj
 0001:0000b230       ?OnTCPSocketMainServiceInfo@CAttemperEngineSink@@IAE_NGPAXG@Z 0040c230 f   AttemperEngineSink.obj
 0001:0000b3b0       ?OnTCPSocketWebInfo@CAttemperEngineSink@@IAE_NGPAXG@Z 0040c3b0 f   AttemperEngineSink.obj
 0001:0000b430       ?QueryInterface@CAttemperEngineSink@@UAEPAXABU_GUID@@K@Z 0040c430 f   AttemperEngineSink.obj
 0001:0000b4e0       ?SendDataToGroupManager@CAttemperEngineSink@@IAE_NKGGPAXG@Z 0040c4e0 f   AttemperEngineSink.obj
 0001:0000b5b0       ?SendDataToGroupMember@CAttemperEngineSink@@IAE_NKGGPAXG_N@Z 0040c5b0 f   AttemperEngineSink.obj
 0001:0000b760       ?SendDataToGroupTeamer@CAttemperEngineSink@@IAE_NKKGGPAXG@Z 0040c760 f   AttemperEngineSink.obj
 0001:0000b830       ?SendGroupConfigToUser@CAttemperEngineSink@@IAE_NKK@Z 0040c830 f   AttemperEngineSink.obj
 0001:0000b980       ?SendGroupMemberToUser@CAttemperEngineSink@@IAE_NKK@Z 0040c980 f   AttemperEngineSink.obj
 0001:0000bb00       ?SendLogData@CAttemperEngineSink@@IAAXPB_WZZ 0040cb00 f   AttemperEngineSink.obj
 0001:0000c030       ?UpdateGroupExtraInfo@CAttemperEngineSink@@IAE_NKK@Z 0040d030 f   AttemperEngineSink.obj
 0001:0000c200       ?WHCrashHandler@@YAJPAU_EXCEPTION_POINTERS@@@Z 0040d200 f   AttemperEngineSink.obj
 0001:0000c2e0       ??$_snprintf_s@$0CAA@@@YAHAAY0CAA@DIPBDZZ 0040d2e0 f i DataBaseEngineSink.obj
 0001:0000c300       ??0CDataBaseEngineSink@@QAE@XZ 0040d300 f   DataBaseEngineSink.obj
 0001:0000c340       ??0CDataBaseHelper@@QAE@XZ 0040d340 f i DataBaseEngineSink.obj
 0001:0000c3a0       ??1CDataBaseEngineSink@@UAE@XZ 0040d3a0 f   DataBaseEngineSink.obj
 0001:0000c440       ??1_variant_t@@QAE@XZ      0040d440 f i DataBaseEngineSink.obj
 0001:0000c450       ??_G?$CTempldateHelper@UIDataBase@@@@UAEPAXI@Z 0040d450 f i DataBaseEngineSink.obj
 0001:0000c450       ??_GCDataBaseHelper@@UAEPAXI@Z 0040d450 f i DataBaseEngineSink.obj
 0001:0000c450       ??_E?$CTempldateHelper@UIDataBase@@@@UAEPAXI@Z 0040d450 f i DataBaseEngineSink.obj
 0001:0000c450       ??_ECDataBaseHelper@@UAEPAXI@Z 0040d450 f i DataBaseEngineSink.obj
 0001:0000c4b0       ??_GCDataBaseEngineSink@@UAEPAXI@Z 0040d4b0 f i DataBaseEngineSink.obj
 0001:0000c4b0       ??_ECDataBaseEngineSink@@UAEPAXI@Z 0040d4b0 f i DataBaseEngineSink.obj
 0001:0000c4e0       ?ExtractGroupID@CDataBaseEngineSink@@IAEGPB_WAAVCDWordArray@@@Z 0040d4e0 f   DataBaseEngineSink.obj
 0001:0000c600       ?OnDataBaseEngineConclude@CDataBaseEngineSink@@UAE_NPAUIUnknownEx@@@Z 0040d600 f   DataBaseEngineSink.obj
 0001:0000c680       ?OnDataBaseEngineControl@CDataBaseEngineSink@@UAE_NGPAXG@Z 0040d680 f   DataBaseEngineSink.obj
 0001:0000c680       ?OnEventAttemperData@CAttemperEngineSink@@UAE_NGPAXG@Z 0040d680 f   AttemperEngineSink.obj
 0001:0000c690       ?OnDataBaseEngineRequest@CDataBaseEngineSink@@UAE_NGKPAXG@Z 0040d690 f   DataBaseEngineSink.obj
 0001:0000cbd0       ?OnDataBaseEngineStart@CDataBaseEngineSink@@UAE_NPAUIUnknownEx@@@Z 0040dbd0 f   DataBaseEngineSink.obj
 0001:0000ccc0       ?OnDataBaseEngineTimer@CDataBaseEngineSink@@UAE_NKI@Z 0040dcc0 f   DataBaseEngineSink.obj
 0001:0000ccd0       ?OnRequestAddTeamer@CDataBaseEngineSink@@IAE_NKPAXG@Z 0040dcd0 f   DataBaseEngineSink.obj
 0001:0000d000       ?OnRequestAppendConfig@CDataBaseEngineSink@@IAE_NKPAXG@Z 0040e000 f   DataBaseEngineSink.obj
 0001:0000d4f0       ?OnRequestApplyDelete@CDataBaseEngineSink@@IAE_NKPAXG@Z 0040e4f0 f   DataBaseEngineSink.obj
 0001:0000d7b0       ?OnRequestApplyRequest@CDataBaseEngineSink@@IAE_NKPAXG@Z 0040e7b0 f   DataBaseEngineSink.obj
 0001:0000df00       ?OnRequestApplyRespond@CDataBaseEngineSink@@IAE_NKPAXG@Z 0040ef00 f   DataBaseEngineSink.obj
 0001:0000e5f0       ?OnRequestBlindCode@CDataBaseEngineSink@@IAE_NKPAXG@Z 0040f5f0 f   DataBaseEngineSink.obj
 0001:0000e820       ?OnRequestCaptainList@CDataBaseEngineSink@@IAE_NKPAXG@Z 0040f820 f   DataBaseEngineSink.obj
 0001:0000ebf0       ?OnRequestCheckNewUser@CDataBaseEngineSink@@IAE_NKPAXG@Z 0040fbf0 f   DataBaseEngineSink.obj
 0001:0000f1a0       ?OnRequestClearMedal@CDataBaseEngineSink@@IAE_NKPAXG@Z 004101a0 f   DataBaseEngineSink.obj
 0001:0000f2a0       ?OnRequestCreateGroup@CDataBaseEngineSink@@IAE_NKPAXG@Z 004102a0 f   DataBaseEngineSink.obj
 0001:0000f9d0       ?OnRequestDeleteConfig@CDataBaseEngineSink@@IAE_NKPAXG@Z 004109d0 f   DataBaseEngineSink.obj
 0001:0000fc40       ?OnRequestDeleteGroup@CDataBaseEngineSink@@IAE_NKPAXG@Z 00410c40 f   DataBaseEngineSink.obj
 0001:0000ff20       ?OnRequestDeleteMember@CDataBaseEngineSink@@IAE_NKPAXG@Z 00410f20 f   DataBaseEngineSink.obj
 0001:000103b0       ?OnRequestGetAwardScore@CDataBaseEngineSink@@IAE_NKPAXG@Z 004113b0 f   DataBaseEngineSink.obj
 0001:00010630       ?OnRequestGroupDayDetail@CDataBaseEngineSink@@IAE_NKPAXG@Z 00411630 f   DataBaseEngineSink.obj
 0001:000109d0       ?OnRequestInvitationCode@CDataBaseEngineSink@@IAE_NKPAXG@Z 004119d0 f   DataBaseEngineSink.obj
 0001:00010c00       ?OnRequestLoadForbidWords@CDataBaseEngineSink@@IAE_NKPAXG@Z 00411c00 f   DataBaseEngineSink.obj
 0001:00010dc0       ?OnRequestLoadGroupConfig@CDataBaseEngineSink@@IAE_NKPAXG@Z 00411dc0 f   DataBaseEngineSink.obj
 0001:000111a0       ?OnRequestLoadGroupItem@CDataBaseEngineSink@@IAE_NKPAXG@Z 004121a0 f   DataBaseEngineSink.obj
 0001:00011400       ?OnRequestLoadGroupList@CDataBaseEngineSink@@IAE_NKPAXG@Z 00412400 f   DataBaseEngineSink.obj
 0001:000117f0       ?OnRequestLoadGroupMember@CDataBaseEngineSink@@IAE_NKPAXG@Z 004127f0 f   DataBaseEngineSink.obj
 0001:00011b90       ?OnRequestLoadSingleGroup@CDataBaseEngineSink@@IAE_NKPAXG@Z 00412b90 f   DataBaseEngineSink.obj
 0001:00011fb0       ?OnRequestLogonServer@CDataBaseEngineSink@@IAE_NKPAXG@Z 00412fb0 f   DataBaseEngineSink.obj
 0001:000125b0       ?OnRequestModifyConfig@CDataBaseEngineSink@@IAE_NKPAXG@Z 004135b0 f   DataBaseEngineSink.obj
 0001:00012a30       ?OnRequestModifyGroupName@CDataBaseEngineSink@@IAE_NKPAXG@Z 00413a30 f   DataBaseEngineSink.obj
 0001:00012c60       ?OnRequestModifyInfo@CDataBaseEngineSink@@IAE_NKPAXG@Z 00413c60 f   DataBaseEngineSink.obj
 0001:00012f90       ?OnRequestModifyRight@CDataBaseEngineSink@@IAE_NKPAXG@Z 00413f90 f   DataBaseEngineSink.obj
 0001:00013290       ?OnRequestOpenBox@CDataBaseEngineSink@@IAE_NKPAXG@Z 00414290 f   DataBaseEngineSink.obj
 0001:00013680       ?OnRequestPresentScore@CDataBaseEngineSink@@IAE_NKPAXG@Z 00414680 f   DataBaseEngineSink.obj
 0001:00013ac0       ?OnRequestQueryBattle@CDataBaseEngineSink@@IAE_NKPAXG@Z 00414ac0 f   DataBaseEngineSink.obj
 0001:00013df0       ?OnRequestQueryCreate@CDataBaseEngineSink@@IAE_NKPAXG@Z 00414df0 f   DataBaseEngineSink.obj
 0001:00014010       ?OnRequestQueryDayDetail@CDataBaseEngineSink@@IAE_NKPAXG@Z 00415010 f   DataBaseEngineSink.obj
 0001:000144d0       ?OnRequestQueryDayRecord@CDataBaseEngineSink@@IAE_NKPAXG@Z 004154d0 f   DataBaseEngineSink.obj
 0001:00014830       ?OnRequestQueryMedalMode@CDataBaseEngineSink@@IAE_NKPAXG@Z 00415830 f   DataBaseEngineSink.obj
 0001:00014a30       ?OnRequestQueryPresent@CDataBaseEngineSink@@IAE_NKPAXG@Z 00415a30 f   DataBaseEngineSink.obj
 0001:00014e00       ?OnRequestQueryRevenue@CDataBaseEngineSink@@IAE_NKPAXG@Z 00415e00 f   DataBaseEngineSink.obj
 0001:00015100       ?OnRequestQueryScore@CDataBaseEngineSink@@IAE_NKPAXG@Z 00416100 f   DataBaseEngineSink.obj
 0001:00015330       ?OnRequestQueryTotalBattle@CDataBaseEngineSink@@IAE_NKPAXG@Z 00416330 f   DataBaseEngineSink.obj
 0001:00015580       ?OnRequestRightManagement@CDataBaseEngineSink@@IAE_NKPAXG@Z 00416580 f   DataBaseEngineSink.obj
 0001:000158a0       ?OnRequestRoomDetail@CDataBaseEngineSink@@IAE_NKPAXG@Z 004168a0 f   DataBaseEngineSink.obj
 0001:00015da0       ?OnRequestSetBigWinner@CDataBaseEngineSink@@IAE_NKPAXG@Z 00416da0 f   DataBaseEngineSink.obj
 0001:00016070       ?OnRequestSetCaptainPoint@CDataBaseEngineSink@@IAE_NKPAXG@Z 00417070 f   DataBaseEngineSink.obj
 0001:00016290       ?OnRequestSetFavoriteConfig@CDataBaseEngineSink@@IAE_NKPAXG@Z 00417290 f   DataBaseEngineSink.obj
 0001:00016470       ?OnRequestSetFlag@CDataBaseEngineSink@@IAE_NKPAXG@Z 00417470 f   DataBaseEngineSink.obj
 0001:000166f0       ?OnRequestSetFreeTableLimit@CDataBaseEngineSink@@IAE_NKPAXG@Z 004176f0 f   DataBaseEngineSink.obj
 0001:000169c0       ?OnRequestSetGroupStatus@CDataBaseEngineSink@@IAE_NKPAXG@Z 004179c0 f   DataBaseEngineSink.obj
 0001:00016c50       ?OnRequestSetInOut@CDataBaseEngineSink@@IAE_NKPAXG@Z 00417c50 f   DataBaseEngineSink.obj
 0001:00016f80       ?OnRequestSetMedal@CDataBaseEngineSink@@IAE_NKPAXG@Z 00417f80 f   DataBaseEngineSink.obj
 0001:000172d0       ?OnRequestSetPrivacy@CDataBaseEngineSink@@IAE_NKPAXG@Z 004182d0 f   DataBaseEngineSink.obj
 0001:000174d0       ?OnRequestSetRollMSg@CDataBaseEngineSink@@IAE_NKPAXG@Z 004184d0 f   DataBaseEngineSink.obj
 0001:000177c0       ?OnRequestSettleBattle@CDataBaseEngineSink@@IAE_NKPAXG@Z 004187c0 f   DataBaseEngineSink.obj
 0001:00017a90       ?OnRequestTeamerDayRecord@CDataBaseEngineSink@@IAE_NKPAXG@Z 00418a90 f   DataBaseEngineSink.obj
 0001:00017e10       ?OnRequestUpdateGroup@CDataBaseEngineSink@@IAE_NKPAXG@Z 00418e10 f   DataBaseEngineSink.obj
 0001:000184c0       ?OnRequestUpdateMember@CDataBaseEngineSink@@IAE_NKPAXG@Z 004194c0 f   DataBaseEngineSink.obj
 0001:00018650       ?OnRequestUpdateOnlineStatus@CDataBaseEngineSink@@IAE_NKPAXG@Z 00419650 f   DataBaseEngineSink.obj
 0001:000187c0       ?QueryInterface@CDataBaseEngineSink@@UAEPAXABU_GUID@@K@Z 004197c0 f   DataBaseEngineSink.obj
 0001:00018870       ?TraceDatabaseException@CDataBaseEngineSink@@IAEXPAD0HPAUIDataBaseException@@@Z 00419870 f   DataBaseEngineSink.obj
 0001:000189d0       ??0CGroupInfoManager@@QAE@XZ 004199d0 f   GroupInfoManager.obj
 0001:00018ad0       ??0CGroupItem@@IAE@XZ      00419ad0 f   GroupInfoManager.obj
 0001:00018c10       ??1?$CMap@KKPAVCGroupItem@@PAV1@@@UAE@XZ 00419c10 f i GroupInfoManager.obj
 0001:00018c20       ??1?$CWHArray@PAVCGroupItem@@ABQAV1@@@UAE@XZ 00419c20 f i GroupInfoManager.obj
 0001:00018c50       ??1?$CWHArray@UtagClubRollMsg@@ABU1@@@UAE@XZ 00419c50 f i GroupInfoManager.obj
 0001:00018c80       ??1?$CWHArray@UtagGroupConfigInfo@@ABU1@@@UAE@XZ 00419c80 f i GroupInfoManager.obj
 0001:00018cb0       ??1?$CWHArray@UtagIMGroupMember@@ABU1@@@UAE@XZ 00419cb0 f i GroupInfoManager.obj
 0001:00018ce0       ??1CGroupInfoManager@@UAE@XZ 00419ce0 f   GroupInfoManager.obj
 0001:00018ea0       ??1CGroupItem@@MAE@XZ      00419ea0 f   GroupInfoManager.obj
 0001:00018fc0       ??A?$CMap@KKUtagClubTableInfo@@AAU1@@@QAEAAUtagClubTableInfo@@K@Z 00419fc0 f i GroupInfoManager.obj
 0001:00019070       ??_G?$CMap@KKPAVCGroupItem@@PAV1@@@UAEPAXI@Z 0041a070 f i GroupInfoManager.obj
 0001:00019070       ??_E?$CMap@KKPAVCGroupItem@@PAV1@@@UAEPAXI@Z 0041a070 f i GroupInfoManager.obj
 0001:000190a0       ??_G?$CMap@KKUtagClubTableInfo@@AAU1@@@UAEPAXI@Z 0041a0a0 f i GroupInfoManager.obj
 0001:000190a0       ??_E?$CMap@KKUtagClubTableInfo@@AAU1@@@UAEPAXI@Z 0041a0a0 f i GroupInfoManager.obj
 0001:000190d0       ??_E?$CWHArray@PAVCGroupItem@@ABQAV1@@@UAEPAXI@Z 0041a0d0 f i GroupInfoManager.obj
 0001:000190d0       ??_G?$CWHArray@PAVCGroupItem@@ABQAV1@@@UAEPAXI@Z 0041a0d0 f i GroupInfoManager.obj
 0001:00019110       ??_G?$CWHArray@UtagClubRollMsg@@ABU1@@@UAEPAXI@Z 0041a110 f i GroupInfoManager.obj
 0001:00019110       ??_E?$CWHArray@UtagClubRollMsg@@ABU1@@@UAEPAXI@Z 0041a110 f i GroupInfoManager.obj
 0001:00019150       ??_G?$CWHArray@UtagGroupConfigInfo@@ABU1@@@UAEPAXI@Z 0041a150 f i GroupInfoManager.obj
 0001:00019150       ??_E?$CWHArray@UtagGroupConfigInfo@@ABU1@@@UAEPAXI@Z 0041a150 f i GroupInfoManager.obj
 0001:00019190       ??_E?$CWHArray@UtagIMGroupMember@@ABU1@@@UAEPAXI@Z 0041a190 f i GroupInfoManager.obj
 0001:00019190       ??_G?$CWHArray@UtagIMGroupMember@@ABU1@@@UAEPAXI@Z 0041a190 f i GroupInfoManager.obj
 0001:000191d0       ??_GCGroupInfoManager@@UAEPAXI@Z 0041a1d0 f i GroupInfoManager.obj
 0001:000191d0       ??_ECGroupInfoManager@@UAEPAXI@Z 0041a1d0 f i GroupInfoManager.obj
 0001:00019200       ??_GCGroupItem@@MAEPAXI@Z  0041a200 f i GroupInfoManager.obj
 0001:00019200       ??_ECGroupItem@@MAEPAXI@Z  0041a200 f i GroupInfoManager.obj
 0001:00019230       ?ActiveGroupItem@CGroupInfoManager@@UAE_NAAUtagIMGroupItem@@@Z 0041a230 f   GroupInfoManager.obj
 0001:00019360       ?Add@?$CWHArray@PAVCGroupItem@@ABQAV1@@@QAEHABQAVCGroupItem@@@Z 0041a360 f i GroupInfoManager.obj
 0001:00019360       ?Add@?$CWHArray@PAVCGameServerItem@NServerListManager@@ABQAV12@@@QAEHABQAVCGameServerItem@NServerListManager@@@Z 0041a360 f i ServerListManager.obj
 0001:000193c0       ?AddConfig@CGroupItem@@UAE_NAAUtagGroupConfigInfo@@@Z 0041a3c0 f   GroupInfoManager.obj
 0001:00019430       ?AddMember@CGroupItem@@UAE_NAAUtagIMGroupMember@@@Z 0041a430 f   GroupInfoManager.obj
 0001:00019470       ?AddPersonalTable@CGroupItem@@UAE_NKUtagClubTableInfo@@@Z 0041a470 f   GroupInfoManager.obj
 0001:000194c0       ?AddRollMsg@CGroupItem@@UAEXAAUtagClubRollMsg@@@Z 0041a4c0 f   GroupInfoManager.obj
 0001:00019500       ?AllocMemory@?$CWHArray@PAVCGameServerItem@NServerListManager@@ABQAV12@@@QAEXH@Z 0041a500 f i ServerListManager.obj
 0001:00019500       ?AllocMemory@?$CWHArray@PAVCGroupItem@@ABQAV1@@@QAEXH@Z 0041a500 f i GroupInfoManager.obj
 0001:00019500       ?AllocMemory@?$CWHArray@PAVCServerUserItem@@ABQAV1@@@QAEXH@Z 0041a500 f i ServerUserManager.obj
 0001:00019590       ?AllocMemory@?$CWHArray@UtagClubRollMsg@@ABU1@@@QAEXH@Z 0041a590 f i GroupInfoManager.obj
 0001:00019620       ?AllocMemory@?$CWHArray@UtagGroupConfigInfo@@ABU1@@@QAEXH@Z 0041a620 f i GroupInfoManager.obj
 0001:000196b0       ?AllocMemory@?$CWHArray@UtagIMGroupMember@@ABU1@@@QAEXH@Z 0041a6b0 f i GroupInfoManager.obj
 0001:00019740       ?CheckValid@CGroupInfoManager@@UAEHXZ 0041a740 f   GroupInfoManager.obj
 0001:00019750       ?EnumConfig@CGroupItem@@UAEPAUtagGroupConfigInfo@@H@Z 0041a750 f   GroupInfoManager.obj
 0001:00019790       ?EnumGroupItem@CGroupInfoManager@@UAEPAVCGroupItem@@AAPAU__POSITION@@@Z 0041a790 f   GroupInfoManager.obj
 0001:000197e0       ?EnumMember@CGroupItem@@UAEPAUtagIMGroupMember@@H@Z 0041a7e0 f   GroupInfoManager.obj
 0001:00019820       ?EnumTable@CGroupItem@@UAE?AUtagClubTableInfo@@AAPAU__POSITION@@@Z 0041a820 f   GroupInfoManager.obj
 0001:00019870       ?GetCMapClubTableInfo@CGroupItem@@UAEPAV?$CMap@KKUtagClubTableInfo@@AAU1@@@XZ 0041a870 f i GroupInfoManager.obj
 0001:00019880       ?GetConfigCount@CGroupItem@@UAEKXZ 0041a880 f i GroupInfoManager.obj
 0001:00019890       ?GetConfigID@CGroupItem@@UAEKK@Z 0041a890 f   GroupInfoManager.obj
 0001:000198e0       ?GetGroupBattleRule@CGroupItem@@UAEPAUtagIMGroupBattleRule@@XZ 0041a8e0 f i GroupInfoManager.obj
 0001:000198f0       ?GetGroupCreaterID@CGroupItem@@UAEKXZ 0041a8f0 f i GroupInfoManager.obj
 0001:00019900       ?GetGroupID@CGroupItem@@UAEKXZ 0041a900 f i GroupInfoManager.obj
 0001:00019910       ?GetGroupProperty@CGroupItem@@UAEPAUtagIMGroupProperty@@XZ 0041a910 f i GroupInfoManager.obj
 0001:00019920       ?GetGroupWealth@CGroupItem@@UAEPAUtagIMGroupWealth@@XZ 0041a920 f i GroupInfoManager.obj
 0001:00019920       ?GetGroupItem@CGroupItem@@UAEPAUtagIMGroupItem@@XZ 0041a920 f i GroupInfoManager.obj
 0001:00019930       ?GetNextAssoc@?$CMap@KKPAVCGroupItem@@PAV1@@@QBEXAAPAU__POSITION@@AAKAAPAVCGroupItem@@@Z 0041a930 f i GroupInfoManager.obj
 0001:000199c0       ?GetNotice@CGroupItem@@UAEPA_WXZ 0041a9c0 f i GroupInfoManager.obj
 0001:000199d0       ?GetNullTableCount@CGroupItem@@UAEHK@Z 0041a9d0 f   GroupInfoManager.obj
 0001:00019a80       ?GetRecommendGroup@CGroupInfoManager@@UAEGKGPAUtagIMGroupProperty@@@Z 0041aa80 f   GroupInfoManager.obj
 0001:00019bd0       ?GetTableInfo@CGroupItem@@UAE_NKAAUtagClubTableInfo@@@Z 0041abd0 f   GroupInfoManager.obj
 0001:00019c20       ?IsUserInGame@CGroupItem@@UAE_NKAAUtagClubTableInfo@@_N@Z 0041ac20 f   GroupInfoManager.obj
 0001:00019c60       ?ModifyConfig@CGroupItem@@UAE_NAAUtagGroupConfigInfo@@@Z 0041ac60 f   GroupInfoManager.obj
 0001:00019c70       ?NewAssoc@?$CMap@KKUtagClubTableInfo@@AAU1@@@IAEPAVCAssoc@1@K@Z 0041ac70 f i GroupInfoManager.obj
 0001:00019d20       ?RemoveAll@?$CMap@DDPAVCWordNode@@PAV1@@@QAEXXZ 0041ad20 f i WordFilter.obj
 0001:00019d20       ?RemoveAll@?$CMap@GGPAVCGameServerItem@NServerListManager@@AAPAV12@@@QAEXXZ 0041ad20 f i ServerListManager.obj
 0001:00019d20       ?RemoveAll@?$CMap@KKPAVCGroupItem@@PAV1@@@QAEXXZ 0041ad20 f i GroupInfoManager.obj
 0001:00019d20       ?RemoveAll@?$CMap@KKPAV?$CWHArray@KABK@@PAV1@@@QAEXXZ 0041ad20 f i ServiceUnits.obj
 0001:00019d20       ?RemoveAll@?$CMap@KKUtagClubTableInfo@@AAU1@@@QAEXXZ 0041ad20 f i GroupInfoManager.obj
 0001:00019d20       ?RemoveAll@?$CMap@KKPAVCServerUserItem@@PAV1@@@QAEXXZ 0041ad20 f i ServerUserManager.obj
 0001:00019d80       ?RemoveConfig@CGroupItem@@UAE_NH@Z 0041ad80 f   GroupInfoManager.obj
 0001:00019df0       ?RemoveConfig@CGroupItem@@UAE_NK@Z 0041adf0 f   GroupInfoManager.obj
 0001:00019e90       ?RemoveGroupItem@CGroupInfoManager@@UAE_NK@Z 0041ae90 f   GroupInfoManager.obj
 0001:00019ef0       ?RemoveGroupItem@CGroupInfoManager@@UAE_NXZ 0041aef0 f   GroupInfoManager.obj
 0001:00019f90       ?RemoveKey@?$CMap@KKPAVCServerUserItem@@PAV1@@@QAEHK@Z 0041af90 f i ServerUserManager.obj
 0001:00019f90       ?RemoveKey@?$CMap@KKPAVCGroupItem@@PAV1@@@QAEHK@Z 0041af90 f i GroupInfoManager.obj
 0001:0001a020       ?RemoveKey@?$CMap@KKUtagClubTableInfo@@AAU1@@@QAEHK@Z 0041b020 f i GroupInfoManager.obj
 0001:0001a0c0       ?RemoveMember@CGroupItem@@UAE_NK@Z 0041b0c0 f   GroupInfoManager.obj
 0001:0001a160       ?RemovePersonalTable@CGroupItem@@UAE_NG@Z 0041b160 f   GroupInfoManager.obj
 0001:0001a240       ?RemovePersonalTable@CGroupItem@@UAE_NK@Z 0041b240 f   GroupInfoManager.obj
 0001:0001a260       ?ResetGroupItem@CGroupItem@@MAEXXZ 0041b260 f   GroupInfoManager.obj
 0001:0001a2b0       ?SearchConfig@CGroupItem@@UAEPAUtagGroupConfigInfo@@K@Z 0041b2b0 f   GroupInfoManager.obj
 0001:0001a310       ?SearchMember@CGroupItem@@UAEPAUtagIMGroupMember@@K@Z 0041b310 f   GroupInfoManager.obj
 0001:0001a370       ?SearchRollMsg@CGroupItem@@UAEPAUtagClubRollMsg@@K@Z 0041b370 f   GroupInfoManager.obj
 0001:0001a3d0       ?Serialize@?$CMap@KKUtagClubTableInfo@@AAU1@@@UAEXAAVCArchive@@@Z 0041b3d0 f i GroupInfoManager.obj
 0001:0001a7e0       ?SetAtGrow@?$CWHArray@UtagClubRollMsg@@ABU1@@@QAEXHABUtagClubRollMsg@@@Z 0041b7e0 f i GroupInfoManager.obj
 0001:0001a850       ?SetAtGrow@?$CWHArray@UtagIMGroupMember@@ABU1@@@QAEXHABUtagIMGroupMember@@@Z 0041b850 f i GroupInfoManager.obj
 0001:0001a8c0       ?SetNotice@CGroupItem@@UAEXPA_W@Z 0041b8c0 f i GroupInfoManager.obj
 0001:0001a8d0       ?SetSize@?$CWHArray@UtagGroupConfigInfo@@ABU1@@@QAEXH@Z 0041b8d0 f i GroupInfoManager.obj
 0001:0001a970       ?UpdateTableUserInfo@CGroupItem@@UAE_NPAUCMD_CS_S_UpdateTable@@@Z 0041b970 f   GroupInfoManager.obj
 0001:0001a9e0       ??0CInitParameter@@QAE@XZ  0041b9e0 f   InitParameter.obj
 0001:0001aa00       ??1CInitParameter@@UAE@XZ  0041ba00 f   InitParameter.obj
 0001:0001aa10       ??_GCInitParameter@@UAEPAXI@Z 0041ba10 f i InitParameter.obj
 0001:0001aa10       ??_ECInitParameter@@UAEPAXI@Z 0041ba10 f i InitParameter.obj
 0001:0001aa40       ?InitParameter@CInitParameter@@QAEXXZ 0041ba40 f   InitParameter.obj
 0001:0001ab00       ?LoadInitParameter@CInitParameter@@QAEXXZ 0041bb00 f   InitParameter.obj
 0001:0001ae80       ??0CServerListManager@NServerListManager@@QAE@XZ 0041be80 f   ServerListManager.obj
 0001:0001af80       ??1?$CMap@GGPAVCGameServerItem@NServerListManager@@AAPAV12@@@UAE@XZ 0041bf80 f i ServerListManager.obj
 0001:0001af90       ??1?$CWHArray@PAVCGameServerItem@NServerListManager@@ABQAV12@@@UAE@XZ 0041bf90 f i ServerListManager.obj
 0001:0001afc0       ??1CServerListManager@NServerListManager@@UAE@XZ 0041bfc0 f   ServerListManager.obj
 0001:0001b170       ??A?$CMap@GGPAVCGameServerItem@NServerListManager@@AAPAV12@@@QAEAAPAVCGameServerItem@NServerListManager@@G@Z 0041c170 f i ServerListManager.obj
 0001:0001b220       ??_G?$CMap@GGPAVCGameServerItem@NServerListManager@@AAPAV12@@@UAEPAXI@Z 0041c220 f i ServerListManager.obj
 0001:0001b220       ??_E?$CMap@GGPAVCGameServerItem@NServerListManager@@AAPAV12@@@UAEPAXI@Z 0041c220 f i ServerListManager.obj
 0001:0001b250       ??_E?$CWHArray@PAVCGameServerItem@NServerListManager@@ABQAV12@@@UAEPAXI@Z 0041c250 f i ServerListManager.obj
 0001:0001b250       ??_G?$CWHArray@PAVCGameServerItem@NServerListManager@@ABQAV12@@@UAEPAXI@Z 0041c250 f i ServerListManager.obj
 0001:0001b290       ??_GCServerListManager@NServerListManager@@UAEPAXI@Z 0041c290 f i ServerListManager.obj
 0001:0001b290       ??_ECServerListManager@NServerListManager@@UAEPAXI@Z 0041c290 f i ServerListManager.obj
 0001:0001b2c0       ?CleanServerItem@CServerListManager@NServerListManager@@QAEXXZ 0041c2c0 f   ServerListManager.obj
 0001:0001b380       ?DeleteGameServer@CServerListManager@NServerListManager@@QAE_NG@Z 0041c380 f   ServerListManager.obj
 0001:0001b3d0       ?DisuseServerItem@CServerListManager@NServerListManager@@QAEXXZ 0041c3d0 f   ServerListManager.obj
 0001:0001b460       ?GetAssocAt@?$CMap@GGPAVCGameServerItem@NServerListManager@@AAPAV12@@@IBEPAVCAssoc@1@GAAI0@Z 0041c460 f i ServerListManager.obj
 0001:0001b4d0       ?GetNextAssoc@?$CMap@GGPAVCGameServerItem@NServerListManager@@AAPAV12@@@QBEXAAPAU__POSITION@@AAGAAPAVCGameServerItem@NServerListManager@@@Z 0041c4d0 f i ServerListManager.obj
 0001:0001b560       ?InsertGameServer@CServerListManager@NServerListManager@@QAE_NPAUtagGameServer@@@Z 0041c560 f   ServerListManager.obj
 0001:0001b6c0       ?IsGroupPersonalMaxChairGame@CServerListManager@NServerListManager@@QAE_NG@Z 0041c6c0 f   ServerListManager.obj
 0001:0001b740       ?NewAssoc@?$CMap@GGPAVCGameServerItem@NServerListManager@@AAPAV12@@@IAEPAVCAssoc@1@G@Z 0041c740 f i ServerListManager.obj
 0001:0001b7c0       ?RemoveKey@?$CMap@GGPAVCGameServerItem@NServerListManager@@AAPAV12@@@QAEHG@Z 0041c7c0 f i ServerListManager.obj
 0001:0001b860       ?ResetServerList@CServerListManager@NServerListManager@@QAEXXZ 0041c860 f   ServerListManager.obj
 0001:0001b870       ?SearchGameServer@CServerListManager@NServerListManager@@QAEPAVCGameServerItem@2@G@Z 0041c870 f   ServerListManager.obj
 0001:0001b8a0       ?Serialize@?$CMap@GGPAVCGameServerItem@NServerListManager@@AAPAV12@@@UAEXAAVCArchive@@@Z 0041c8a0 f i ServerListManager.obj
 0001:0001bb90       ??0CLocalUserItem@@IAE@XZ  0041cb90 f   ServerUserManager.obj
 0001:0001bc30       ??0CServerUserManager@@QAE@XZ 0041cc30 f   ServerUserManager.obj
 0001:0001bd50       ??1?$CMap@KKPAVCServerUserItem@@PAV1@@@UAE@XZ 0041cd50 f i ServerUserManager.obj
 0001:0001bd60       ??1?$CWHArray@PAVCServerUserItem@@ABQAV1@@@UAE@XZ 0041cd60 f i ServerUserManager.obj
 0001:0001bd90       ??1CServerUserItem@@MAE@XZ 0041cd90 f   ServerUserManager.obj
 0001:0001bda0       ??1CServerUserManager@@UAE@XZ 0041cda0 f   ServerUserManager.obj
 0001:0001bfa0       ??A?$CMap@KKPAVCGroupItem@@PAV1@@@QAEAAPAVCGroupItem@@K@Z 0041cfa0 f i GroupInfoManager.obj
 0001:0001bfa0       ??A?$CMap@KKPAV?$CWHArray@KABK@@PAV1@@@QAEAAPAV?$CWHArray@KABK@@K@Z 0041cfa0 f i ServiceUnits.obj
 0001:0001bfa0       ??A?$CMap@KKPAVCServerUserItem@@PAV1@@@QAEAAPAVCServerUserItem@@K@Z 0041cfa0 f i ServerUserManager.obj
 0001:0001c050       ??_G?$CMap@KKPAVCServerUserItem@@PAV1@@@UAEPAXI@Z 0041d050 f i ServerUserManager.obj
 0001:0001c050       ??_E?$CMap@KKPAVCServerUserItem@@PAV1@@@UAEPAXI@Z 0041d050 f i ServerUserManager.obj
 0001:0001c080       ??_G?$CWHArray@PAVCServerUserItem@@ABQAV1@@@UAEPAXI@Z 0041d080 f i ServerUserManager.obj
 0001:0001c080       ??_E?$CWHArray@PAVCServerUserItem@@ABQAV1@@@UAEPAXI@Z 0041d080 f i ServerUserManager.obj
 0001:0001c0c0       ??_GCLocalUserItem@@MAEPAXI@Z 0041d0c0 f i ServerUserManager.obj
 0001:0001c0c0       ??_ECLocalUserItem@@MAEPAXI@Z 0041d0c0 f i ServerUserManager.obj
 0001:0001c130       ??_ECRemoteUserItem@@MAEPAXI@Z 0041d130 f i ServerUserManager.obj
 0001:0001c130       ??_GCRemoteUserItem@@MAEPAXI@Z 0041d130 f i ServerUserManager.obj
 0001:0001c130       ??_ECServerUserItem@@MAEPAXI@Z 0041d130 f i ServerUserManager.obj
 0001:0001c130       ??_GCServerUserItem@@MAEPAXI@Z 0041d130 f i ServerUserManager.obj
 0001:0001c160       ??_ECServerUserManager@@UAEPAXI@Z 0041d160 f i ServerUserManager.obj
 0001:0001c160       ??_GCServerUserManager@@UAEPAXI@Z 0041d160 f i ServerUserManager.obj
 0001:0001c190       ?Append@?$CWHArray@PAVCServerUserItem@@ABQAV1@@@QAEHABV1@@Z 0041d190 f i ServerUserManager.obj
 0001:0001c1f0       ?ContrastLogonPass@CLocalUserItem@@UAE_NPB_W@Z 0041d1f0 f   ServerUserManager.obj
 0001:0001c240       ?ContrastNickName@CLocalUserItem@@UAE_NPB_W@Z 0041d240 f   ServerUserManager.obj
 0001:0001c290       ?DeleteUserItem@CServerUserManager@@UAE_NK@Z 0041d290 f   ServerUserManager.obj
 0001:0001c370       ?DeleteUserItem@CServerUserManager@@UAE_NXZ 0041d370 f   ServerUserManager.obj
 0001:0001c3b0       ?EnumUserItem@CServerUserManager@@UAEPAVCServerUserItem@@G@Z 0041d3b0 f   ServerUserManager.obj
 0001:0001c3e0       ?GetActiveGroupID@CServerUserItem@@UAEKXZ 0041d3e0 f i ServerUserManager.obj
 0001:0001c3f0       ?GetAssocAt@?$CMap@KKPAV?$CWHArray@KABK@@PAV1@@@IBEPAVCAssoc@1@KAAI0@Z 0041d3f0 f i ServiceUnits.obj
 0001:0001c3f0       ?GetAssocAt@?$CMap@KKPAVCServerUserItem@@PAV1@@@IBEPAVCAssoc@1@KAAI0@Z 0041d3f0 f i ServerUserManager.obj
 0001:0001c3f0       ?GetAssocAt@?$CMap@KKPAVCGroupItem@@PAV1@@@IBEPAVCAssoc@1@KAAI0@Z 0041d3f0 f i GroupInfoManager.obj
 0001:0001c460       ?GetGroupItemCount@CGroupInfoManager@@UAEKXZ 0041d460 f i GroupInfoManager.obj
 0001:0001c460       ?GetGameID@CServerUserItem@@UAEKXZ 0041d460 f i ServerUserManager.obj
 0001:0001c470       ?GetGender@CServerUserItem@@UAEEXZ 0041d470 f i ServerUserManager.obj
 0001:0001c480       ?GetGroupCount@CLocalUserItem@@UAEGXZ 0041d480 f i ServerUserManager.obj
 0001:0001c490       ?GetGroupData@CLocalUserItem@@UAEPAKXZ 0041d490 f i ServerUserManager.obj
 0001:0001c4a0       ?GetLogonTime@CLocalUserItem@@UAEKXZ 0041d4a0 f i ServerUserManager.obj
 0001:0001c4b0       ?GetNickName@CServerUserItem@@UAEPB_WXZ 0041d4b0 f i ServerUserManager.obj
 0001:0001c4c0       ?GetSocketID@CServerUserItem@@UAEKXZ 0041d4c0 f i ServerUserManager.obj
 0001:0001c4d0       ?GetUserID@CServerUserItem@@UAEKXZ 0041d4d0 f i ServerUserManager.obj
 0001:0001c4e0       ?GetUserInfo@CServerUserItem@@UAEPAUtagIMUserInfo@@XZ 0041d4e0 f i ServerUserManager.obj
 0001:0001c4f0       ?GetUserItemCount@CServerUserManager@@UAEKXZ 0041d4f0 f i ServerUserManager.obj
 0001:0001c500       ?GetUserStatus@CServerUserItem@@UAEEXZ 0041d500 f i ServerUserManager.obj
 0001:0001c510       ?InsertGroupID@CLocalUserItem@@UAE_NK@Z 0041d510 f   ServerUserManager.obj
 0001:0001c560       ?InsertLocalUserItem@CServerUserManager@@UAEPAVCLocalUserItem@@AAUtagIMUserInfo@@PB_W@Z 0041d560 f   ServerUserManager.obj
 0001:0001c700       ?InsertRemoteUserItem@CServerUserManager@@UAEPAVCRemoteUserItem@@AAUtagIMUserInfo@@@Z 0041d700 f   ServerUserManager.obj
 0001:0001c8b0       ?ModifyLogonPassword@CLocalUserItem@@QAEXPB_W@Z 0041d8b0 f   ServerUserManager.obj
 0001:0001c8d0       ?NewAssoc@?$CMap@KKPAVCGroupItem@@PAV1@@@IAEPAVCAssoc@1@K@Z 0041d8d0 f i GroupInfoManager.obj
 0001:0001c8d0       ?NewAssoc@?$CMap@KKPAVCServerUserItem@@PAV1@@@IAEPAVCAssoc@1@K@Z 0041d8d0 f i ServerUserManager.obj
 0001:0001c8d0       ?NewAssoc@?$CMap@KKPAV?$CWHArray@KABK@@PAV1@@@IAEPAVCAssoc@1@K@Z 0041d8d0 f i ServiceUnits.obj
 0001:0001c940       ?RemoveGroupID@CLocalUserItem@@UAEXXZ 0041d940 f i ServerUserManager.obj
 0001:0001c950       ?RemoveGroupID@CLocalUserItem@@UAE_NK@Z 0041d950 f   ServerUserManager.obj
 0001:0001c9a0       ?ResetUserItem@CLocalUserItem@@MAEXXZ 0041d9a0 f   ServerUserManager.obj
 0001:0001c9e0       ?ResetUserItem@CServerUserItem@@MAEXXZ 0041d9e0 f   ServerUserManager.obj
 0001:0001c9e0       ?ResetUserItem@CRemoteUserItem@@MAEXXZ 0041d9e0 f   ServerUserManager.obj
 0001:0001ca00       ?SearchUserItem@CServerUserManager@@UAEPAVCServerUserItem@@K@Z 0041da00 f   ServerUserManager.obj
 0001:0001ca00       ?SearchGroupItem@CGroupInfoManager@@UAEPAVCGroupItem@@K@Z 0041da00 f   GroupInfoManager.obj
 0001:0001ca30       ?SetActiveGroupID@CServerUserItem@@UAEXK@Z 0041da30 f i ServerUserManager.obj
 0001:0001ca40       ?SetLogonTime@CLocalUserItem@@UAEXK@Z 0041da40 f i ServerUserManager.obj
 0001:0001ca50       ?SetSocketID@CServerUserItem@@UAEXK@Z 0041da50 f i ServerUserManager.obj
 0001:0001ca60       ?SetUserStatus@CServerUserItem@@UAEXE@Z 0041da60 f i ServerUserManager.obj
 0001:0001ca70       ??0CAttemperEngineHelper@@QAE@XZ 0041da70 f i ServiceUnits.obj
 0001:0001cad0       ??0CDataBaseEngineHelper@@QAE@XZ 0041dad0 f i ServiceUnits.obj
 0001:0001cb30       ??0CServiceUnits@@QAE@XZ   0041db30 f   ServiceUnits.obj
 0001:0001cce0       ??0CTCPNetworkEngineHelper@@QAE@XZ 0041dce0 f i ServiceUnits.obj
 0001:0001cd40       ??0CTCPSocketServiceHelper@@QAE@XZ 0041dd40 f i ServiceUnits.obj
 0001:0001cda0       ??0CTimerEngineHelper@@QAE@XZ 0041dda0 f i ServiceUnits.obj
 0001:0001ce00       ??1?$CMap@KKPAV?$CWHArray@KABK@@PAV1@@@UAE@XZ 0041de00 f i ServiceUnits.obj
 0001:0001ce10       ??1CAttemperEngineHelper@@UAE@XZ 0041de10 f i ServiceUnits.obj
 0001:0001ce60       ??1CCriticalSection@@UAE@XZ 0041de60 f i ServiceUnits.obj
 0001:0001ce80       ??1CDataBaseEngineHelper@@UAE@XZ 0041de80 f i ServiceUnits.obj
 0001:0001ced0       ??1CServiceUnits@@UAE@XZ   0041ded0 f   ServiceUnits.obj
 0001:0001d200       ??1CTCPNetworkEngineHelper@@UAE@XZ 0041e200 f i ServiceUnits.obj
 0001:0001d250       ??1CTCPSocketServiceHelper@@UAE@XZ 0041e250 f i ServiceUnits.obj
 0001:0001d2a0       ??1CTimerEngineHelper@@UAE@XZ 0041e2a0 f i ServiceUnits.obj
 0001:0001d2f0       ??_E?$CMap@KKPAV?$CWHArray@KABK@@PAV1@@@UAEPAXI@Z 0041e2f0 f i ServiceUnits.obj
 0001:0001d2f0       ??_G?$CMap@KKPAV?$CWHArray@KABK@@PAV1@@@UAEPAXI@Z 0041e2f0 f i ServiceUnits.obj
 0001:0001d320       ??_E?$CTempldateHelper@UIDataBaseEngine@@@@UAEPAXI@Z 0041e320 f i ServiceUnits.obj
 0001:0001d320       ??_GCDataBaseEngineHelper@@UAEPAXI@Z 0041e320 f i ServiceUnits.obj
 0001:0001d320       ??_ECDataBaseEngineHelper@@UAEPAXI@Z 0041e320 f i ServiceUnits.obj
 0001:0001d320       ??_G?$CTempldateHelper@UIDataBaseEngine@@@@UAEPAXI@Z 0041e320 f i ServiceUnits.obj
 0001:0001d380       ??_G?$CTempldateHelper@UITCPNetworkEngine@@@@UAEPAXI@Z 0041e380 f i ServiceUnits.obj
 0001:0001d380       ??_E?$CTempldateHelper@UITCPNetworkEngine@@@@UAEPAXI@Z 0041e380 f i ServiceUnits.obj
 0001:0001d380       ??_GCTCPNetworkEngineHelper@@UAEPAXI@Z 0041e380 f i ServiceUnits.obj
 0001:0001d380       ??_ECTCPNetworkEngineHelper@@UAEPAXI@Z 0041e380 f i ServiceUnits.obj
 0001:0001d3e0       ??_ECTCPSocketServiceHelper@@UAEPAXI@Z 0041e3e0 f i ServiceUnits.obj
 0001:0001d3e0       ??_GCTCPSocketServiceHelper@@UAEPAXI@Z 0041e3e0 f i ServiceUnits.obj
 0001:0001d3e0       ??_E?$CTempldateHelper@UITCPSocketService@@@@UAEPAXI@Z 0041e3e0 f i ServiceUnits.obj
 0001:0001d3e0       ??_G?$CTempldateHelper@UITCPSocketService@@@@UAEPAXI@Z 0041e3e0 f i ServiceUnits.obj
 0001:0001d440       ??_GCAttemperEngineHelper@@UAEPAXI@Z 0041e440 f i ServiceUnits.obj
 0001:0001d440       ??_E?$CTempldateHelper@UIAttemperEngine@@@@UAEPAXI@Z 0041e440 f i ServiceUnits.obj
 0001:0001d440       ??_G?$CTempldateHelper@UIAttemperEngine@@@@UAEPAXI@Z 0041e440 f i ServiceUnits.obj
 0001:0001d440       ??_ECAttemperEngineHelper@@UAEPAXI@Z 0041e440 f i ServiceUnits.obj
 0001:0001d4a0       ??_ECCriticalSection@@UAEPAXI@Z 0041e4a0 f i ServiceUnits.obj
 0001:0001d4a0       ??_GCCriticalSection@@UAEPAXI@Z 0041e4a0 f i ServiceUnits.obj
 0001:0001d4e0       ??_GCServiceUnits@@UAEPAXI@Z 0041e4e0 f i ServiceUnits.obj
 0001:0001d4e0       ??_ECServiceUnits@@UAEPAXI@Z 0041e4e0 f i ServiceUnits.obj
 0001:0001d510       ??_GCTimerEngineHelper@@UAEPAXI@Z 0041e510 f i ServiceUnits.obj
 0001:0001d510       ??_ECTimerEngineHelper@@UAEPAXI@Z 0041e510 f i ServiceUnits.obj
 0001:0001d510       ??_G?$CTempldateHelper@UITimerEngine@@@@UAEPAXI@Z 0041e510 f i ServiceUnits.obj
 0001:0001d510       ??_E?$CTempldateHelper@UITimerEngine@@@@UAEPAXI@Z 0041e510 f i ServiceUnits.obj
 0001:0001d570       ?ConcludeService@CServiceUnits@@UAA_NXZ 0041e570 f   ServiceUnits.obj
 0001:0001d630       ?CreateInstance@?$CTempldateHelper@UITimerEngine@@@@QAE_NXZ 0041e630 f i ServiceUnits.obj
 0001:0001d630       ?CreateInstance@?$CTempldateHelper@UIDataBaseEngine@@@@QAE_NXZ 0041e630 f i ServiceUnits.obj
 0001:0001d630       ?CreateInstance@?$CTempldateHelper@UITCPSocketService@@@@QAE_NXZ 0041e630 f i ServiceUnits.obj
 0001:0001d630       ?CreateInstance@?$CTempldateHelper@UITCPNetworkEngine@@@@QAE_NXZ 0041e630 f i ServiceUnits.obj
 0001:0001d630       ?CreateInstance@?$CTempldateHelper@UIDataBase@@@@QAE_NXZ 0041e630 f i DataBaseEngineSink.obj
 0001:0001d630       ?CreateInstance@?$CTempldateHelper@UIAttemperEngine@@@@QAE_NXZ 0041e630 f i ServiceUnits.obj
 0001:0001d7b0       ?GetMessageMap@CServiceUnits@@MBEPBUAFX_MSGMAP@@XZ 0041e7b0 f   ServiceUnits.obj
 0001:0001d7c0       ?GetServiceStatus@CServiceUnits@@UAA?AW4enServiceStatus@@XZ 0041e7c0 f i ServiceUnits.obj
 0001:0001d7d0       ?InitializeService@CServiceUnits@@IAE_NXZ 0041e7d0 f   ServiceUnits.obj
 0001:0001db00       ?Lock@CCriticalSection@@UAEHK@Z 0041eb00 f i ServiceUnits.obj
 0001:0001db20       ?OnUIControlRequest@CServiceUnits@@IAEJIJ@Z 0041eb20 f   ServiceUnits.obj
 0001:0001dcf0       ?PostControlRequest@CServiceUnits@@UAA_NGPAXG@Z 0041ecf0 f   ServiceUnits.obj
 0001:0001ddb0       ?SendControlPacket@CServiceUnits@@AAE_NGPAXG@Z 0041edb0 f   ServiceUnits.obj
 0001:0001dde0       ?Serialize@?$CMap@KKPAVCServerUserItem@@PAV1@@@UAEXAAVCArchive@@@Z 0041ede0 f i ServerUserManager.obj
 0001:0001dde0       ?Serialize@?$CMap@KKPAVCGroupItem@@PAV1@@@UAEXAAVCArchive@@@Z 0041ede0 f i GroupInfoManager.obj
 0001:0001dde0       ?Serialize@?$CMap@KKPAV?$CWHArray@KABK@@PAV1@@@UAEXAAVCArchive@@@Z 0041ede0 f i ServiceUnits.obj
 0001:0001e0e0       ?SetServiceUnitsSink@CServiceUnits@@UAA_NPAUIServiceUnitsSink@@@Z 0041f0e0 f   ServiceUnits.obj
 0001:0001e100       ?StartKernelService@CServiceUnits@@IAE_NXZ 0041f100 f   ServiceUnits.obj
 0001:0001e170       ?StartNetworkService@CServiceUnits@@IAE_NXZ 0041f170 f   ServiceUnits.obj
 0001:0001e190       ?StartService@CServiceUnits@@UAA_NXZ 0041f190 f   ServiceUnits.obj
 0001:0001e270       ?Unlock@CCriticalSection@@UAEHXZ 0041f270 f i ServiceUnits.obj
 0001:0001e280       ?Unlock@CSyncObject@@UAEHJPAJ@Z 0041f280 f i ServiceUnits.obj
 0001:0001e290       ?Init@CComCriticalSection@ATL@@QAEJXZ 0041f290 f i Stdafx.obj
 0001:0001e2c0       ??$AtlConvAllocMemory@D@ATL@@YAXPAPADHPADH@Z 0041f2c0 f i WordFilter.obj
 0001:0001e360       ??$_snprintf_s@$0IB@@@YAHAAY0IB@DIPBDZZ 0041f360 f i WordFilter.obj
 0001:0001e380       ??0CWordFilter@@QAE@XZ     0041f380 f   WordFilter.obj
 0001:0001e3f0       ??0CWordNode@@QAE@D@Z      0041f3f0 f   WordFilter.obj
 0001:0001e450       ??1?$CMap@DDPAVCWordNode@@PAV1@@@UAE@XZ 0041f450 f i WordFilter.obj
 0001:0001e460       ??1?$CW2AEX@$0IA@@ATL@@QAE@XZ 0041f460 f i WordFilter.obj
 0001:0001e480       ??1CWordFilter@@UAE@XZ     0041f480 f   WordFilter.obj
 0001:0001e490       ??1CWordNode@@UAE@XZ       0041f490 f   WordFilter.obj
 0001:0001e5d0       ??1CWordTree@@UAE@XZ       0041f5d0 f   WordFilter.obj
 0001:0001e640       ??A?$CMap@DDPAVCWordNode@@PAV1@@@QAEAAPAVCWordNode@@D@Z 0041f640 f i WordFilter.obj
 0001:0001e6f0       ??_E?$CMap@DDPAVCWordNode@@PAV1@@@UAEPAXI@Z 0041f6f0 f i WordFilter.obj
 0001:0001e6f0       ??_G?$CMap@DDPAVCWordNode@@PAV1@@@UAEPAXI@Z 0041f6f0 f i WordFilter.obj
 0001:0001e720       ??_GCWordFilter@@UAEPAXI@Z 0041f720 f i WordFilter.obj
 0001:0001e720       ??_ECWordFilter@@UAEPAXI@Z 0041f720 f i WordFilter.obj
 0001:0001e750       ??_ECWordNode@@UAEPAXI@Z   0041f750 f i WordFilter.obj
 0001:0001e750       ??_GCWordNode@@UAEPAXI@Z   0041f750 f i WordFilter.obj
 0001:0001e780       ??_ECWordTree@@UAEPAXI@Z   0041f780 f i WordFilter.obj
 0001:0001e780       ??_GCWordTree@@UAEPAXI@Z   0041f780 f i WordFilter.obj
 0001:0001e7b0       ?AtlThrowLastWin32@ATL@@YGXXZ 0041f7b0 f i WordFilter.obj
 0001:0001e7d0       ?FilterWords@CWordFilter@@QAE_NPBD@Z 0041f7d0 f   WordFilter.obj
 0001:0001e830       ?FilterWords@CWordFilter@@QAE_NPB_W@Z 0041f830 f   WordFilter.obj
 0001:0001e8d0       ?Find@CWordTree@@AAEPAVCWordNode@@PAV2@PBD1@Z 0041f8d0 f   WordFilter.obj
 0001:0001e9e0       ?FindKeyword@CWordNode@@QAE_NPBD@Z 0041f9e0 f   WordFilter.obj
 0001:0001ea40       ?GetAssocAt@?$CMap@DDPAVCWordNode@@PAV1@@@IBEPAVCAssoc@1@DAAI0@Z 0041fa40 f i WordFilter.obj
 0001:0001eab0       ?Init@?$CW2AEX@$0IA@@ATL@@AAEXPB_WI@Z 0041fab0 f i WordFilter.obj
 0001:0001eb90       ?Insert@CWordTree@@AAEPAVCWordNode@@PAV2@PBD1@Z 0041fb90 f   WordFilter.obj
 0001:0001ec90       ?InsertBranch@CWordTree@@AAEPAVCWordNode@@PAV2@PBD1@Z 0041fc90 f   WordFilter.obj
 0001:0001ed50       ?InsertChild@CWordNode@@QAEPAV1@D@Z 0041fd50 f   WordFilter.obj
 0001:0001ee10       ?InsertKeyword@CWordFilter@@QAE_NPB_W@Z 0041fe10 f   WordFilter.obj
 0001:0001eed0       ?NewAssoc@?$CMap@DDPAVCWordNode@@PAV1@@@IAEPAVCAssoc@1@D@Z 0041fed0 f i WordFilter.obj
 0001:0001ef40       ?RebuildTree@CWordTree@@IAEXXZ 0041ff40 f   WordFilter.obj
 0001:0001f020       ?ResetFilter@CWordFilter@@QAEXXZ 00420020 f   WordFilter.obj
 0001:0001f030       ?Serialize@?$CMap@DDPAVCWordNode@@PAV1@@@UAEXAAVCArchive@@@Z 00420030 f i WordFilter.obj
 0001:0001f2d6       ??3@YAXPAX@Z               004202d6 f   mfc120u:mfc120u.dll
 0001:0001f2dc       ?OnCmdMsg@CCmdTarget@@UAEHIHPAXPAUAFX_CMDHANDLERINFO@@@Z 004202dc f   mfc120u:mfc120u.dll
 0001:0001f2e2       ?OnFinalRelease@CCmdTarget@@UAEXXZ 004202e2 f   mfc120u:mfc120u.dll
 0001:0001f2e8       ?IsInvokeAllowed@CCmdTarget@@UAEHJ@Z 004202e8 f   mfc120u:mfc120u.dll
 0001:0001f2ee       ?GetDispatchIID@CCmdTarget@@UAEHPAU_GUID@@@Z 004202ee f   mfc120u:mfc120u.dll
 0001:0001f2f4       ?GetTypeInfoCount@CCmdTarget@@UAEIXZ 004202f4 f   mfc120u:mfc120u.dll
 0001:0001f2fa       ?GetTypeLibCache@CCmdTarget@@UAEPAVCTypeLibCache@@XZ 004202fa f   mfc120u:mfc120u.dll
 0001:0001f300       ?GetTypeLib@CCmdTarget@@UAEJKPAPAUITypeLib@@@Z 00420300 f   mfc120u:mfc120u.dll
 0001:0001f306       ?GetCommandMap@CCmdTarget@@MBEPBUAFX_OLECMDMAP@@XZ 00420306 f   mfc120u:mfc120u.dll
 0001:0001f30c       ?GetDispatchMap@CCmdTarget@@MBEPBUAFX_DISPMAP@@XZ 0042030c f   mfc120u:mfc120u.dll
 0001:0001f312       ?GetConnectionMap@CCmdTarget@@MBEPBUAFX_CONNECTIONMAP@@XZ 00420312 f   mfc120u:mfc120u.dll
 0001:0001f318       ?GetInterfaceMap@CCmdTarget@@MBEPBUAFX_INTERFACEMAP@@XZ 00420318 f   mfc120u:mfc120u.dll
 0001:0001f31e       ?GetEventSinkMap@CCmdTarget@@MBEPBUAFX_EVENTSINKMAP@@XZ 0042031e f   mfc120u:mfc120u.dll
 0001:0001f324       ?OnCreateAggregates@CCmdTarget@@UAEHXZ 00420324 f   mfc120u:mfc120u.dll
 0001:0001f32a       ?GetInterfaceHook@CCmdTarget@@UAEPAUIUnknown@@PBX@Z 0042032a f   mfc120u:mfc120u.dll
 0001:0001f330       ?GetExtraConnectionPoints@CCmdTarget@@MAEHPAVCPtrArray@@@Z 00420330 f   mfc120u:mfc120u.dll
 0001:0001f336       ?GetConnectionHook@CCmdTarget@@MAEPAUIConnectionPoint@@ABU_GUID@@@Z 00420336 f   mfc120u:mfc120u.dll
 0001:0001f33c       ?AfxInitRichEdit2@@YGHXZ   0042033c f   mfc120u:mfc120u.dll
 0001:0001f342       ?DoModal@CDialog@@UAEHXZ   00420342 f   mfc120u:mfc120u.dll
 0001:0001f348       ?PreTranslateMessage@CWinThread@@UAEHPAUtagMSG@@@Z 00420348 f   mfc120u:mfc120u.dll
 0001:0001f34e       ?PumpMessage@CWinThread@@UAEHXZ 0042034e f   mfc120u:mfc120u.dll
 0001:0001f354       ?IsIdleMessage@CWinThread@@UAEHPAUtagMSG@@@Z 00420354 f   mfc120u:mfc120u.dll
 0001:0001f35a       ?ProcessMessageFilter@CWinThread@@UAEHHPAUtagMSG@@@Z 0042035a f   mfc120u:mfc120u.dll
 0001:0001f360       ?GetMainWnd@CWinThread@@UAEPAVCWnd@@XZ 00420360 f   mfc120u:mfc120u.dll
 0001:0001f366       ?Delete@CWinThread@@UAEXXZ 00420366 f   mfc120u:mfc120u.dll
 0001:0001f36c       ?GetRuntimeClass@CWinApp@@UBEPAUCRuntimeClass@@XZ 0042036c f   mfc120u:mfc120u.dll
 0001:0001f372       ??0CWinApp@@QAE@PB_W@Z     00420372 f   mfc120u:mfc120u.dll
 0001:0001f378       ?SetRegistryKey@CWinApp@@IAEXPB_W@Z 00420378 f   mfc120u:mfc120u.dll
 0001:0001f37e       ?GetProfileIntW@CWinApp@@UAEIPB_W0H@Z 0042037e f   mfc120u:mfc120u.dll
 0001:0001f384       ?WriteProfileInt@CWinApp@@UAEHPB_W0H@Z 00420384 f   mfc120u:mfc120u.dll
 0001:0001f38a       ?GetProfileStringW@CWinApp@@UAE?AV?$CStringT@_WV?$StrTraitMFC_DLL@_WV?$ChTraitsCRT@_W@ATL@@@@@ATL@@PB_W00@Z 0042038a f   mfc120u:mfc120u.dll
 0001:0001f390       ?WriteProfileStringW@CWinApp@@UAEHPB_W00@Z 00420390 f   mfc120u:mfc120u.dll
 0001:0001f396       ?GetProfileBinary@CWinApp@@UAEHPB_W0PAPAEPAI@Z 00420396 f   mfc120u:mfc120u.dll
 0001:0001f39c       ?WriteProfileBinary@CWinApp@@UAEHPB_W0PAEI@Z 0042039c f   mfc120u:mfc120u.dll
 0001:0001f3a2       ?InitLibId@CWinApp@@UAEXXZ 004203a2 f   mfc120u:mfc120u.dll
 0001:0001f3a8       ?Register@CWinApp@@UAEHXZ  004203a8 f   mfc120u:mfc120u.dll
 0001:0001f3ae       ?Unregister@CWinApp@@UAEHXZ 004203ae f   mfc120u:mfc120u.dll
 0001:0001f3b4       ?OpenDocumentFile@CWinApp@@UAEPAVCDocument@@PB_W@Z 004203b4 f   mfc120u:mfc120u.dll
 0001:0001f3ba       ?OpenDocumentFile@CWinApp@@UAEPAVCDocument@@PB_WH@Z 004203ba f   mfc120u:mfc120u.dll
 0001:0001f3c0       ?AddToRecentFileList@CWinApp@@UAEXPB_W@Z 004203c0 f   mfc120u:mfc120u.dll
 0001:0001f3c6       ?InitApplication@CWinApp@@UAEHXZ 004203c6 f   mfc120u:mfc120u.dll
 0001:0001f3cc       ?SaveAllModified@CWinApp@@UAEHXZ 004203cc f   mfc120u:mfc120u.dll
 0001:0001f3d2       ?DoMessageBox@CWinApp@@UAEHPB_WII@Z 004203d2 f   mfc120u:mfc120u.dll
 0001:0001f3d8       ?DoWaitCursor@CWinApp@@UAEXH@Z 004203d8 f   mfc120u:mfc120u.dll
 0001:0001f3de       ?OnDDECommand@CWinApp@@UAEHPA_W@Z 004203de f   mfc120u:mfc120u.dll
 0001:0001f3e4       ?WinHelpW@CWinApp@@UAEXKI@Z 004203e4 f   mfc120u:mfc120u.dll
 0001:0001f3ea       ?HtmlHelpW@CWinApp@@UAEXKI@Z 004203ea f   mfc120u:mfc120u.dll
 0001:0001f3f0       ?WinHelpInternal@CWinApp@@UAEXKI@Z 004203f0 f   mfc120u:mfc120u.dll
 0001:0001f3f6       ?RegisterWithRestartManager@CWinApp@@UAEJHABV?$CStringT@_WV?$StrTraitMFC_DLL@_WV?$ChTraitsCRT@_W@ATL@@@@@ATL@@@Z 004203f6 f   mfc120u:mfc120u.dll
 0001:0001f3fc       ?RegisterWithRestartManager@CWinApp@@UAEJPB_WKP6GKPAX@Z1KK@Z 004203fc f   mfc120u:mfc120u.dll
 0001:0001f402       ?ApplicationRecoveryCallback@CWinApp@@UAEKPAX@Z 00420402 f   mfc120u:mfc120u.dll
 0001:0001f408       ?GetDataRecoveryHandler@CWinApp@@UAEPAVCDataRecoveryHandler@@XZ 00420408 f   mfc120u:mfc120u.dll
 0001:0001f40e       ?IsTaskbarInteractionEnabled@CWinApp@@UAEHXZ 0042040e f   mfc120u:mfc120u.dll
 0001:0001f414       ?InitInstance@CWinApp@@UAEHXZ 00420414 f   mfc120u:mfc120u.dll
 0001:0001f41a       ?ExitInstance@CWinApp@@UAEHXZ 0042041a f   mfc120u:mfc120u.dll
 0001:0001f420       ?RestartInstance@CWinApp@@UAEHXZ 00420420 f   mfc120u:mfc120u.dll
 0001:0001f426       ?Run@CWinApp@@UAEHXZ       00420426 f   mfc120u:mfc120u.dll
 0001:0001f42c       ?OnIdle@CWinApp@@UAEHJ@Z   0042042c f   mfc120u:mfc120u.dll
 0001:0001f432       ?ProcessWndProcException@CWinApp@@UAEJPAVCException@@PBUtagMSG@@@Z 00420432 f   mfc120u:mfc120u.dll
 0001:0001f438       ?LoadAppLangResourceDLL@CWinApp@@UAEPAUHINSTANCE__@@XZ 00420438 f   mfc120u:mfc120u.dll
 0001:0001f43e       ??1CWinApp@@UAE@XZ         0042043e f   mfc120u:mfc120u.dll
 0001:0001f444       ?GetThisMessageMap@CWinApp@@KGPBUAFX_MSGMAP@@XZ 00420444 f   mfc120u:mfc120u.dll
 0001:0001f44a       ?LoadSysPolicies@CWinApp@@UAEHXZ 0042044a f   mfc120u:mfc120u.dll
 0001:0001f450       ?AfxEnableControlContainer@@YAXPAVCOccManager@@@Z 00420450 f   mfc120u:mfc120u.dll
 0001:0001f456       ?AfxGetModuleState@@YGPAVAFX_MODULE_STATE@@XZ 00420456 f   mfc120u:mfc120u.dll
 0001:0001f45c       ?DDX_Control@@YGXPAVCDataExchange@@HAAVCWnd@@@Z 0042045c f   mfc120u:mfc120u.dll
 0001:0001f462       ?PreSubclassWindow@CWnd@@UAEXXZ 00420462 f   mfc120u:mfc120u.dll
 0001:0001f468       ?Create@CWnd@@UAEHPB_W0KABUtagRECT@@PAV1@IPAUCCreateContext@@@Z 00420468 f   mfc120u:mfc120u.dll
 0001:0001f46e       ?CreateEx@CWnd@@UAEHKPB_W0KHHHHPAUHWND__@@PAUHMENU__@@PAX@Z 0042046e f   mfc120u:mfc120u.dll
 0001:0001f474       ?CreateEx@CWnd@@UAEHKPB_W0KABUtagRECT@@PAV1@IPAX@Z 00420474 f   mfc120u:mfc120u.dll
 0001:0001f47a       ?DestroyWindow@CWnd@@UAEHXZ 0042047a f   mfc120u:mfc120u.dll
 0001:0001f480       ?PreCreateWindow@CWnd@@UAEHAAUtagCREATESTRUCTW@@@Z 00420480 f   mfc120u:mfc120u.dll
 0001:0001f486       ?CalcWindowRect@CWnd@@UAEXPAUtagRECT@@I@Z 00420486 f   mfc120u:mfc120u.dll
 0001:0001f48c       ?GetDlgItem@CWnd@@QBEPAV1@H@Z 0042048c f   mfc120u:mfc120u.dll
 0001:0001f492       ?SetWindowTextW@CWnd@@QAEXPB_W@Z 00420492 f   mfc120u:mfc120u.dll
 0001:0001f498       ?GetMenu@CWnd@@UBEPAVCMenu@@XZ 00420498 f   mfc120u:mfc120u.dll
 0001:0001f49e       ?SetMenu@CWnd@@UAEHPAVCMenu@@@Z 0042049e f   mfc120u:mfc120u.dll
 0001:0001f4a4       ?OnToolHitTest@CWnd@@UBEHVCPoint@@PAUtagTOOLINFOW@@@Z 004204a4 f   mfc120u:mfc120u.dll
 0001:0001f4aa       ?EnableWindow@CWnd@@QAEHH@Z 004204aa f   mfc120u:mfc120u.dll
 0001:0001f4b0       ?GetScrollBarCtrl@CWnd@@UBEPAVCScrollBar@@H@Z 004204b0 f   mfc120u:mfc120u.dll
 0001:0001f4b6       ?WinHelpW@CWnd@@UAEXKI@Z   004204b6 f   mfc120u:mfc120u.dll
 0001:0001f4bc       ?HtmlHelpW@CWnd@@UAEXKI@Z  004204bc f   mfc120u:mfc120u.dll
 0001:0001f4c2       ?WinHelpInternal@CWnd@@UAEXKI@Z 004204c2 f   mfc120u:mfc120u.dll
 0001:0001f4c8       ?ContinueModal@CWnd@@UAEHXZ 004204c8 f   mfc120u:mfc120u.dll
 0001:0001f4ce       ?EndModalLoop@CWnd@@UAEXH@Z 004204ce f   mfc120u:mfc120u.dll
 0001:0001f4d4       ?OnDrawIconicThumbnailOrLivePreview@CWnd@@UAEXAAVCDC@@VCRect@@VCSize@@HAAH@Z 004204d4 f   mfc120u:mfc120u.dll
 0001:0001f4da       ?GetInterfaceMap@CWnd@@MBEPBUAFX_INTERFACEMAP@@XZ 004204da f   mfc120u:mfc120u.dll
 0001:0001f4e0       ?EnsureStdObj@CWnd@@UAEJXZ 004204e0 f   mfc120u:mfc120u.dll
 0001:0001f4e6       ?get_accParent@CWnd@@UAEJPAPAUIDispatch@@@Z 004204e6 f   mfc120u:mfc120u.dll
 0001:0001f4ec       ?get_accChildCount@CWnd@@UAEJPAJ@Z 004204ec f   mfc120u:mfc120u.dll
 0001:0001f4f2       ?get_accChild@CWnd@@UAEJUtagVARIANT@@PAPAUIDispatch@@@Z 004204f2 f   mfc120u:mfc120u.dll
 0001:0001f4f8       ?get_accName@CWnd@@UAEJUtagVARIANT@@PAPA_W@Z 004204f8 f   mfc120u:mfc120u.dll
 0001:0001f4fe       ?get_accValue@CWnd@@UAEJUtagVARIANT@@PAPA_W@Z 004204fe f   mfc120u:mfc120u.dll
 0001:0001f504       ?get_accDescription@CWnd@@UAEJUtagVARIANT@@PAPA_W@Z 00420504 f   mfc120u:mfc120u.dll
 0001:0001f50a       ?get_accRole@CWnd@@UAEJUtagVARIANT@@PAU2@@Z 0042050a f   mfc120u:mfc120u.dll
 0001:0001f510       ?get_accState@CWnd@@UAEJUtagVARIANT@@PAU2@@Z 00420510 f   mfc120u:mfc120u.dll
 0001:0001f516       ?get_accHelp@CWnd@@UAEJUtagVARIANT@@PAPA_W@Z 00420516 f   mfc120u:mfc120u.dll
 0001:0001f51c       ?get_accHelpTopic@CWnd@@UAEJPAPA_WUtagVARIANT@@PAJ@Z 0042051c f   mfc120u:mfc120u.dll
 0001:0001f522       ?get_accKeyboardShortcut@CWnd@@UAEJUtagVARIANT@@PAPA_W@Z 00420522 f   mfc120u:mfc120u.dll
 0001:0001f528       ?get_accFocus@CWnd@@UAEJPAUtagVARIANT@@@Z 00420528 f   mfc120u:mfc120u.dll
 0001:0001f52e       ?get_accSelection@CWnd@@UAEJPAUtagVARIANT@@@Z 0042052e f   mfc120u:mfc120u.dll
 0001:0001f534       ?get_accDefaultAction@CWnd@@UAEJUtagVARIANT@@PAPA_W@Z 00420534 f   mfc120u:mfc120u.dll
 0001:0001f53a       ?accSelect@CWnd@@UAEJJUtagVARIANT@@@Z 0042053a f   mfc120u:mfc120u.dll
 0001:0001f540       ?accLocation@CWnd@@UAEJPAJ000UtagVARIANT@@@Z 00420540 f   mfc120u:mfc120u.dll
 0001:0001f546       ?accNavigate@CWnd@@UAEJJUtagVARIANT@@PAU2@@Z 00420546 f   mfc120u:mfc120u.dll
 0001:0001f54c       ?accHitTest@CWnd@@UAEJJJPAUtagVARIANT@@@Z 0042054c f   mfc120u:mfc120u.dll
 0001:0001f552       ?accDoDefaultAction@CWnd@@UAEJUtagVARIANT@@@Z 00420552 f   mfc120u:mfc120u.dll
 0001:0001f558       ?put_accName@CWnd@@UAEJUtagVARIANT@@PA_W@Z 00420558 f   mfc120u:mfc120u.dll
 0001:0001f55e       ?put_accValue@CWnd@@UAEJUtagVARIANT@@PA_W@Z 0042055e f   mfc120u:mfc120u.dll
 0001:0001f564       ?SetProxy@CWnd@@UAEJPAUIAccessibleProxy@@@Z 00420564 f   mfc120u:mfc120u.dll
 0001:0001f56a       ?CreateAccessibleProxy@CWnd@@UAEJIJPAJ@Z 0042056a f   mfc120u:mfc120u.dll
 0001:0001f570       ?OnCommand@CWnd@@MAEHIJ@Z  00420570 f   mfc120u:mfc120u.dll
 0001:0001f576       ?OnNotify@CWnd@@MAEHIJPAJ@Z 00420576 f   mfc120u:mfc120u.dll
 0001:0001f57c       ?GetSuperWndProcAddr@CWnd@@MAEPAP6GJPAUHWND__@@IIJ@ZXZ 0042057c f   mfc120u:mfc120u.dll
 0001:0001f582       ?OnAmbientProperty@CWnd@@UAEHPAVCOleControlSite@@JPAUtagVARIANT@@@Z 00420582 f   mfc120u:mfc120u.dll
 0001:0001f588       ?WindowProc@CWnd@@MAEJIIJ@Z 00420588 f   mfc120u:mfc120u.dll
 0001:0001f58e       ?OnWndMsg@CWnd@@MAEHIIJPAJ@Z 0042058e f   mfc120u:mfc120u.dll
 0001:0001f594       ?DefWindowProcW@CWnd@@MAEJIIJ@Z 00420594 f   mfc120u:mfc120u.dll
 0001:0001f59a       ?PostNcDestroy@CWnd@@MAEXXZ 0042059a f   mfc120u:mfc120u.dll
 0001:0001f5a0       ?OnChildNotify@CWnd@@MAEHIIJPAJ@Z 004205a0 f   mfc120u:mfc120u.dll
 0001:0001f5a6       ?OnTouchInputs@CWnd@@MAEHIPAUtagTOUCHINPUT@@@Z 004205a6 f   mfc120u:mfc120u.dll
 0001:0001f5ac       ?OnTouchInput@CWnd@@MAEHVCPoint@@HHPAUtagTOUCHINPUT@@@Z 004205ac f   mfc120u:mfc120u.dll
 0001:0001f5b2       ?GetGestureStatus@CWnd@@MAEKVCPoint@@@Z 004205b2 f   mfc120u:mfc120u.dll
 0001:0001f5b8       ?OnGestureZoom@CWnd@@MAEHVCPoint@@J@Z 004205b8 f   mfc120u:mfc120u.dll
 0001:0001f5be       ?OnGesturePan@CWnd@@MAEHVCPoint@@0@Z 004205be f   mfc120u:mfc120u.dll
 0001:0001f5c4       ?OnGestureRotate@CWnd@@MAEHVCPoint@@N@Z 004205c4 f   mfc120u:mfc120u.dll
 0001:0001f5ca       ?OnGestureTwoFingerTap@CWnd@@MAEHVCPoint@@@Z 004205ca f   mfc120u:mfc120u.dll
 0001:0001f5d0       ?OnGesturePressAndTap@CWnd@@MAEHVCPoint@@J@Z 004205d0 f   mfc120u:mfc120u.dll
 0001:0001f5d6       ?IsFrameWnd@CWnd@@UBEHXZ   004205d6 f   mfc120u:mfc120u.dll
 0001:0001f5dc       ?OnFinalRelease@CWnd@@UAEXXZ 004205dc f   mfc120u:mfc120u.dll
 0001:0001f5e2       ?CreateControlContainer@CWnd@@MAEHPAPAVCOleControlContainer@@@Z 004205e2 f   mfc120u:mfc120u.dll
 0001:0001f5e8       ?CreateControlSite@CWnd@@MAEHPAVCOleControlContainer@@PAPAVCOleControlSite@@IABU_GUID@@@Z 004205e8 f   mfc120u:mfc120u.dll
 0001:0001f5ee       ?GetRuntimeClass@CDialog@@UBEPAUCRuntimeClass@@XZ 004205ee f   mfc120u:mfc120u.dll
 0001:0001f5f4       ?Create@CDialog@@UAEHPB_WPAVCWnd@@@Z 004205f4 f   mfc120u:mfc120u.dll
 0001:0001f5fa       ?CreateIndirect@CDialog@@UAEHPBUDLGTEMPLATE@@PAVCWnd@@PAX@Z 004205fa f   mfc120u:mfc120u.dll
 0001:0001f600       ?CreateIndirect@CDialog@@UAEHPAXPAVCWnd@@@Z 00420600 f   mfc120u:mfc120u.dll
 0001:0001f606       ??0CDialog@@QAE@IPAVCWnd@@@Z 00420606 f   mfc120u:mfc120u.dll
 0001:0001f60c       ?OnInitDialog@CDialog@@UAEHXZ 0042060c f   mfc120u:mfc120u.dll
 0001:0001f612       ?OnSetFont@CDialog@@UAEXPAVCFont@@@Z 00420612 f   mfc120u:mfc120u.dll
 0001:0001f618       ?OnCancel@CDialog@@MAEXXZ  00420618 f   mfc120u:mfc120u.dll
 0001:0001f61e       ??1CDialog@@UAE@XZ         0042061e f   mfc120u:mfc120u.dll
 0001:0001f624       ?PreTranslateMessage@CDialog@@UAEHPAUtagMSG@@@Z 00420624 f   mfc120u:mfc120u.dll
 0001:0001f62a       ?OnCmdMsg@CDialog@@UAEHIHPAXPAUAFX_CMDHANDLERINFO@@@Z 0042062a f   mfc120u:mfc120u.dll
 0001:0001f630       ?CheckAutoCenter@CDialog@@UAEHXZ 00420630 f   mfc120u:mfc120u.dll
 0001:0001f636       ?SetOccDialogInfo@CDialog@@MAEHPAU_AFX_OCC_DIALOG_INFO@@@Z 00420636 f   mfc120u:mfc120u.dll
 0001:0001f63c       ?GetOccDialogInfo@CDialog@@MAEPAU_AFX_OCC_DIALOG_INFO@@XZ 0042063c f   mfc120u:mfc120u.dll
 0001:0001f642       ?PreInitDialog@CDialog@@MAEXXZ 00420642 f   mfc120u:mfc120u.dll
 0001:0001f648       ?GetThisMessageMap@CDialog@@KGPBUAFX_MSGMAP@@XZ 00420648 f   mfc120u:mfc120u.dll
 0001:0001f64e       ?AfxMessageBox@@YGHPB_WII@Z 0042064e f   mfc120u:mfc120u.dll
 0001:0001f654       ??_U@YAPAXI@Z              00420654 f   mfc120u:mfc120u.dll
 0001:0001f65a       ??_V@YAXPAX@Z              0042065a f   mfc120u:mfc120u.dll
 0001:0001f660       ?AfxThrowMemoryException@@YGXXZ 00420660 f   mfc120u:mfc120u.dll
 0001:0001f666       ?AfxThrowInvalidArgException@@YGXXZ 00420666 f   mfc120u:mfc120u.dll
 0001:0001f66c       ?AfxThrowOleException@@YGXJ@Z 0042066c f   mfc120u:mfc120u.dll
 0001:0001f672       ??0CStdioFile@@QAE@XZ      00420672 f   mfc120u:mfc120u.dll
 0001:0001f678       ?WriteString@CStdioFile@@UAEXPB_W@Z 00420678 f   mfc120u:mfc120u.dll
 0001:0001f67e       ??1CStdioFile@@UAE@XZ      0042067e f   mfc120u:mfc120u.dll
 0001:0001f684       ?GetLength@CStdioFile@@UBE_KXZ 00420684 f   mfc120u:mfc120u.dll
 0001:0001f68a       ?Open@CStdioFile@@UAEHPB_WIPAVCFileException@@@Z 0042068a f   mfc120u:mfc120u.dll
 0001:0001f690       ?Flush@CStdioFile@@UAEXXZ  00420690 f   mfc120u:mfc120u.dll
 0001:0001f696       ?Close@CStdioFile@@UAEXXZ  00420696 f   mfc120u:mfc120u.dll
 0001:0001f69c       ??0CDWordArray@@QAE@XZ     0042069c f   mfc120u:mfc120u.dll
 0001:0001f6a2       ?SetSize@CDWordArray@@QAEXHH@Z 004206a2 f   mfc120u:mfc120u.dll
 0001:0001f6a8       ?SetAtGrow@CDWordArray@@QAEXHK@Z 004206a8 f   mfc120u:mfc120u.dll
 0001:0001f6ae       ??1CDWordArray@@UAE@XZ     004206ae f   mfc120u:mfc120u.dll
 0001:0001f6b4       ?AfxLoadLibrary@@YGPAUHINSTANCE__@@PB_W@Z 004206b4 f   mfc120u:mfc120u.dll
 0001:0001f6ba       ?AfxFreeLibrary@@YGHPAUHINSTANCE__@@@Z 004206ba f   mfc120u:mfc120u.dll
 0001:0001f6c0       ??2@YAPAXI@Z               004206c0 f   mfc120u:mfc120u.dll
 0001:0001f6c6       ?AfxThrowArchiveException@@YGXHPB_W@Z 004206c6 f   mfc120u:mfc120u.dll
 0001:0001f6cc       ?GetRuntimeClass@CObject@@UBEPAUCRuntimeClass@@XZ 004206cc f   mfc120u:mfc120u.dll
 0001:0001f6d2       ?Read@CArchive@@QAEIPAXI@Z 004206d2 f   mfc120u:mfc120u.dll
 0001:0001f6d8       ?Write@CArchive@@QAEXPBXI@Z 004206d8 f   mfc120u:mfc120u.dll
 0001:0001f6de       ?ReadCount@CArchive@@QAEKXZ 004206de f   mfc120u:mfc120u.dll
 0001:0001f6e4       ?WriteCount@CArchive@@QAEXK@Z 004206e4 f   mfc120u:mfc120u.dll
 0001:0001f6ea       ?Create@CPlex@@SGPAU1@AAPAU1@II@Z 004206ea f   mfc120u:mfc120u.dll
 0001:0001f6f0       ?FreeDataChain@CPlex@@QAEXXZ 004206f0 f   mfc120u:mfc120u.dll
 0001:0001f6f6       ?RemoveAt@CDWordArray@@QAEXHH@Z 004206f6 f   mfc120u:mfc120u.dll
 0001:0001f6fc       ?GetRuntimeClass@CWnd@@UBEPAUCRuntimeClass@@XZ 004206fc f   mfc120u:mfc120u.dll
 0001:0001f702       ??0CWnd@@QAE@XZ            00420702 f   mfc120u:mfc120u.dll
 0001:0001f708       ?PreTranslateMessage@CWnd@@UAEHPAUtagMSG@@@Z 00420708 f   mfc120u:mfc120u.dll
 0001:0001f70e       ??1CWnd@@UAE@XZ            0042070e f   mfc120u:mfc120u.dll
 0001:0001f714       ?CheckAutoCenter@CWnd@@UAEHXZ 00420714 f   mfc120u:mfc120u.dll
 0001:0001f71a       ?SetOccDialogInfo@CWnd@@MAEHPAU_AFX_OCC_DIALOG_INFO@@@Z 0042071a f   mfc120u:mfc120u.dll
 0001:0001f720       ?GetOccDialogInfo@CWnd@@MAEPAU_AFX_OCC_DIALOG_INFO@@XZ 00420720 f   mfc120u:mfc120u.dll
 0001:0001f726       ?GetThisMessageMap@CWnd@@KGPBUAFX_MSGMAP@@XZ 00420726 f   mfc120u:mfc120u.dll
 0001:0001f72c       ?AfxGetThread@@YGPAVCWinThread@@XZ 0042072c f   mfc120u:mfc120u.dll
 0001:0001f732       ??0CSyncObject@@QAE@PB_W@Z 00420732 f   mfc120u:mfc120u.dll
 0001:0001f738       ??1CSyncObject@@UAE@XZ     00420738 f   mfc120u:mfc120u.dll
 0001:0001f73e       ?GetRuntimeClass@CCriticalSection@@UBEPAUCRuntimeClass@@XZ 0042073e f   mfc120u:mfc120u.dll
 0001:0001f9f5       _wWinMainCRTStartup        004209f5 f   msvcrt:wcrtexew.obj
 0001:0001f9ff       ___atonexitinit            004209ff f   msvcrt:atonexit.obj
 0001:0001fa3b       __onexit                   00420a3b f   msvcrt:atonexit.obj
 0001:0001fae4       _atexit                    00420ae4 f   msvcrt:atonexit.obj
 0001:0001faf9       @__security_check_cookie@4 00420af9 f   msvcrt:secchk.obj
 0001:0001fb08       ___CxxFrameHandler3        00420b08 f   msvcrt:MSVCR120.dll
 0001:0001fb10       __chkstk                   00420b10 f   msvcrt:chkstk.obj
 0001:0001fb10       __alloca_probe             00420b10 f   msvcrt:chkstk.obj
 0001:0001fb3b       ??_Etype_info@@UAEPAXI@Z   00420b3b f i msvcrt:ti_inst.obj
 0001:0001fb86       __purecall                 00420b86 f   msvcrt:MSVCR120.dll
 0001:0001fb8c       _memset                    00420b8c f   msvcrt:MSVCR120.dll
 0001:0001fb92       _free                      00420b92 f   msvcrt:MSVCR120.dll
 0001:0001fba0       __ftoui3                   00420ba0 f   msvcrt:ftol3.obj
 0001:0001fbaf       __ftoul3                   00420baf f   msvcrt:ftol3.obj
 0001:0001fbbe       __ftol3                    00420bbe f   msvcrt:ftol3.obj
 0001:0001fbcb       __ftol3_NaN                00420bcb f   msvcrt:ftol3.obj
 0001:0001fbe3       __ftol3_work               00420be3 f   msvcrt:ftol3.obj
 0001:0001fc69       __ftol3_common             00420c69 f   msvcrt:ftol3.obj
 0001:0001fd2b       __ftol3_arg_error          00420d2b f   msvcrt:ftol3.obj
 0001:0001fd3d       __ftol3_except             00420d3d f   msvcrt:ftol3.obj
 0001:0001fd81       __dtoui3                   00420d81 f   msvcrt:ftol3.obj
 0001:0001fd90       __dtoul3                   00420d90 f   msvcrt:ftol3.obj
 0001:0001fd9f       __dtol3                    00420d9f f   msvcrt:ftol3.obj
 0001:0001fdac       __dtol3_NaN                00420dac f   msvcrt:ftol3.obj
 0001:0001fdc9       __dtol3_work               00420dc9 f   msvcrt:ftol3.obj
 0001:0001feae       __ultod3                   00420eae f   msvcrt:ftol3.obj
 0001:0001ff3f       __ltod3                    00420f3f f   msvcrt:ftol3.obj
 0001:0001ff70       __ftol2_sse                00420f70 f   msvcrt:ftol2.obj
 0001:0001ff79       __ftol2_pentium4           00420f79 f   msvcrt:ftol2.obj
 0001:0001ff8c       __ftol2_sse_excpt          00420f8c f   msvcrt:ftol2.obj
 0001:0001ffa6       __ftol2                    00420fa6 f   msvcrt:ftol2.obj
 0001:0002001c       _memcpy                    0042101c f   msvcrt:MSVCR120.dll
 0001:00020030       __allmul                   00421030 f   msvcrt:llmul.obj
 0001:00020064       __CxxThrowException@8      00421064 f   msvcrt:MSVCR120.dll
 0001:0002006a       ??_L@YGXPAXIHP6EX0@Z1@Z    0042106a f   msvcrt:ehvecctr.obj
 0001:000200cc       ??_M@YGXPAXIHP6EX0@Z@Z     004210cc f   msvcrt:ehvecdtr.obj
 0001:0002013b       ?__ArrayUnwind@@YGXPAXIHP6EX0@Z@Z 0042113b f   msvcrt:ehvecdtr.obj
 0001:000201a0       __SEH_prolog4              004211a0 f   msvcrt:sehprolg4.obj
 0001:000201e5       __SEH_epilog4              004211e5 f   msvcrt:sehprolg4.obj
 0001:00020200       __SEH_prolog4_GS           00421200 f   msvcrt:sehprolg4gs.obj
 0001:00020248       __SEH_epilog4_GS           00421248 f   msvcrt:sehprolg4gs.obj
 0001:00020257       __except_handler4          00421257 f   msvcrt:chandler4gs.obj
 0001:0002027a       ?__CxxUnhandledExceptionFilter@@YGJPAU_EXCEPTION_POINTERS@@@Z 0042127a f   msvcrt:unhandld.obj
 0001:000202bb       ___CxxSetUnhandledExceptionFilter 004212bb f   msvcrt:unhandld.obj
 0001:000202ca       __XcptFilter               004212ca f   msvcrt:MSVCR120.dll
 0001:000202d0       __amsg_exit                004212d0 f   msvcrt:MSVCR120.dll
 0001:000202e0       ?GetApplicationRestartFlags@CWinApp@@UAEKXZ 004212e0 f   AccessServer.obj
 0001:000202e0       __wsetargv                 004212e0 f   msvcrt:wdllargv.obj
 0001:000202e0       ?GetApplicationRecoveryParameter@CWinApp@@UAEPAXXZ 004212e0 f   AccessServer.obj
 0001:000202e0       __matherr                  004212e0 f   msvcrt:merr.obj
 0001:000202f0       __FindPESection            004212f0 f   msvcrt:pesect.obj
 0001:00020340       __IsNonwritableInCurrentImage 00421340 f   msvcrt:pesect.obj
 0001:00020400       __ValidateImageBase        00421400 f   msvcrt:pesect.obj
 0001:00020431       ___security_init_cookie    00421431 f   msvcrt:gs_support.obj
 0001:000204cd       __RTC_Initialize           004214cd f   msvcrt:initsect.obj
 0001:000204ed       __RTC_Terminate            004214ed f   msvcrt:initsect.obj
 0001:0002050d       __setdefaultprecision      0042150d f   msvcrt:fp8.obj
 0001:00020534       __initterm_e               00421534 f   msvcrt:MSVCR120.dll
 0001:0002053a       __initterm                 0042153a f   msvcrt:MSVCR120.dll
 0001:00020540       __lock                     00421540 f   msvcrt:MSVCR120.dll
 0001:00020546       __unlock                   00421546 f   msvcrt:MSVCR120.dll
 0001:0002054c       ___dllonexit               0042154c f   msvcrt:MSVCR120.dll
 0001:00020552       ___raise_securityfailure   00421552 f   msvcrt:gs_report.obj
 0001:0002058f       ___report_gsfailure        0042158f f   msvcrt:gs_report.obj
 0001:0002068a       ??1type_info@@UAE@XZ       0042168a f   msvcrt:MSVCR120.dll
 0001:00020690       __except1                  00421690 f   msvcrt:MSVCR120.dll
 0001:00020696       ___isa_available_init      00421696 f   msvcrt:cpu_disp.obj
 0001:00020810       ?terminate@@YAXXZ          00421810 f   msvcrt:MSVCR120.dll
 0001:00020816       __except_handler4_common   00421816 f   msvcrt:MSVCR120.dll
 0001:0002081c       ___crtSetUnhandledExceptionFilter 0042181c f   msvcrt:MSVCR120.dll
 0001:00020822       __invoke_watson            00421822 f   msvcrt:MSVCR120.dll
 0001:00020828       __controlfp_s              00421828 f   msvcrt:MSVCR120.dll
 0001:0002082e       __crt_debugger_hook        0042182e f   msvcrt:MSVCR120.dll
 0001:00020834       ___crtUnhandledException   00421834 f   msvcrt:MSVCR120.dll
 0001:0002083a       ___crtTerminateProcess     0042183a f   msvcrt:MSVCR120.dll
 0001:00020840       _IsProcessorFeaturePresent@4 00421840 f   kernel32:KERNEL32.dll
 0001:00020846       ??0CAtlBaseModule@ATL@@QAE@XZ 00421846 f   atls:atlbase.obj
 0001:00020899       ??0_ATL_BASE_MODULE70@ATL@@QAE@XZ 00421899 f i atls:atlbase.obj
 0001:000208bc       ??1CAtlBaseModule@ATL@@QAE@XZ 004218bc f   atls:atlbase.obj
 0001:000208d2       ?RemoveAll@?$CSimpleArray@PAUHINSTANCE__@@V?$CSimpleArrayEqualHelper@PAUHINSTANCE__@@@ATL@@@ATL@@QAEXXZ 004218d2 f i atls:atlbase.obj
 0001:000208f0       _MiniDumpWriteDump@28      004218f0 f   DbgHelp:dbghelp.dll
 0001:000208f6       ?AfxInitialize@@YGHHK@Z    004218f6 f   mfcs120u:appmodul.obj
 0001:00020911       _wWinMain@16               00421911 f   mfcs120u:appmodul.obj
 0001:0002091a       ?AfxWinMain@@YGHPAUHINSTANCE__@@0PA_WH@Z 0042191a f   mfc120u:mfc120u.dll
 0002:00000000       __imp__InitCommonControls@0 00424000     comctl32:COMCTL32.dll
 0002:00000004       \177COMCTL32_NULL_THUNK_DATA 00424004     comctl32:COMCTL32.dll
 0002:00000008       __imp__CreateFileW@28      00424008     kernel32:KERNEL32.dll
 0002:0000000c       __imp__GetFileAttributesW@4 0042400c     kernel32:KERNEL32.dll
 0002:00000010       __imp__CloseHandle@4       00424010     kernel32:KERNEL32.dll
 0002:00000014       __imp__SetUnhandledExceptionFilter@4 00424014     kernel32:KERNEL32.dll
 0002:00000018       __imp__GetCurrentProcess@0 00424018     kernel32:KERNEL32.dll
[...]
 0002:00008048       __unwindtable$?OnRequestQueryScore@CDataBaseEngineSink@@IAE_NKPAXG@Z 0042c048     DataBaseEngineSink.obj
 0002:00008060       __ehfuncinfo$?OnRequestQueryScore@CDataBaseEngineSink@@IAE_NKPAXG@Z 0042c060     DataBaseEngineSink.obj
 0002:00008084       __catchsym$?OnRequestUpdateOnlineStatus@CDataBaseEngineSink@@IAE_NKPAXG@Z$2 0042c084     DataBaseEngineSink.obj
 0002:00008094       __unwindtable$?OnRequestUpdateOnlineStatus@CDataBaseEngineSink@@IAE_NKPAXG@Z 0042c094     DataBaseEngineSink.obj
 0002:000080a4       __tryblocktable$?OnRequestUpdateOnlineStatus@CDataBaseEngineSink@@IAE_NKPAXG@Z 0042c0a4     DataBaseEngineSink.obj
 0002:000080b8       __ehfuncinfo$?OnRequestUpdateOnlineStatus@CDataBaseEngineSink@@IAE_NKPAXG@Z 0042c0b8     DataBaseEngineSink.obj
 0002:000080dc       __catchsym$?OnRequestLoadSingleGroup@CDataBaseEngineSink@@IAE_NKPAXG@Z$2 0042c0dc     DataBaseEngineSink.obj
 0002:000080ec       __unwindtable$?OnRequestLoadSingleGroup@CDataBaseEngineSink@@IAE_NKPAXG@Z 0042c0ec     DataBaseEngineSink.obj
 0002:000080fc       __tryblocktable$?OnRequestLoadSingleGroup@CDataBaseEngineSink@@IAE_NKPAXG@Z 0042c0fc     DataBaseEngineSink.obj
 0002:00008110       __ehfuncinfo$?OnRequestLoadSingleGroup@CDataBaseEngineSink@@IAE_NKPAXG@Z 0042c110     DataBaseEngineSink.obj
 0002:00008134       __catchsym$?OnRequestModifyInfo@CDataBaseEngineSink@@IAE_NKPAXG@Z$3 0042c134     DataBaseEngineSink.obj
 0002:00008144       __tryblocktable$?OnRequestModifyInfo@CDataBaseEngineSink@@IAE_NKPAXG@Z 0042c144     DataBaseEngineSink.obj
 0002:00008158       __unwindtable$?OnRequestModifyInfo@CDataBaseEngineSink@@IAE_NKPAXG@Z 0042c158     DataBaseEngineSink.obj
 0002:00008170       __ehfuncinfo$?OnRequestModifyInfo@CDataBaseEngineSink@@IAE_NKPAXG@Z 0042c170     DataBaseEngineSink.obj
 0002:00008194       __catchsym$?OnRequestUpdateMember@CDataBaseEngineSink@@IAE_NKPAXG@Z$2 0042c194     DataBaseEngineSink.obj
 0002:000081a4       __unwindtable$?OnRequestUpdateMember@CDataBaseEngineSink@@IAE_NKPAXG@Z 0042c1a4     DataBaseEngineSink.obj
 0002:000081b4       __tryblocktable$?OnRequestUpdateMember@CDataBaseEngineSink@@IAE_NKPAXG@Z 0042c1b4     DataBaseEngineSink.obj
 0002:000081c8       __ehfuncinfo$?OnRequestUpdateMember@CDataBaseEngineSink@@IAE_NKPAXG@Z 0042c1c8     DataBaseEngineSink.obj
 0002:000081ec       __catchsym$?OnRequestLoadGroupList@CDataBaseEngineSink@@IAE_NKPAXG@Z$2 0042c1ec     DataBaseEngineSink.obj
 0002:000081fc       __unwindtable$?OnRequestLoadGroupList@CDataBaseEngineSink@@IAE_NKPAXG@Z 0042c1fc     DataBaseEngineSink.obj
 0002:0000820c       __tryblocktable$?OnRequestLoadGroupList@CDataBaseEngineSink@@IAE_NKPAXG@Z 0042c20c     DataBaseEngineSink.obj
 0002:00008220       __ehfuncinfo$?OnRequestLoadGroupList@CDataBaseEngineSink@@IAE_NKPAXG@Z 0042c220     DataBaseEngineSink.obj
 0002:00008244       __catchsym$?OnRequestLoadGroupItem@CDataBaseEngineSink@@IAE_NKPAXG@Z$2 0042c244     DataBaseEngineSink.obj
 0002:00008254       __unwindtable$?OnRequestLoadGroupItem@CDataBaseEngineSink@@IAE_NKPAXG@Z 0042c254     DataBaseEngineSink.obj
 0002:00008264       __tryblocktable$?OnRequestLoadGroupItem@CDataBaseEngineSink@@IAE_NKPAXG@Z 0042c264     DataBaseEngineSink.obj
 0002:00008278       __ehfuncinfo$?OnRequestLoadGroupItem@CDataBaseEngineSink@@IAE_NKPAXG@Z 0042c278     DataBaseEngineSink.obj
 0002:0000829c       __catchsym$?OnRequestLoadGroupMember@CDataBaseEngineSink@@IAE_NKPAXG@Z$2 0042c29c     DataBaseEngineSink.obj
 0002:000082ac       __unwindtable$?OnRequestLoadGroupMember@CDataBaseEngineSink@@IAE_NKPAXG@Z 0042c2ac     DataBaseEngineSink.obj
 0002:000082bc       __tryblocktable$?OnRequestLoadGroupMember@CDataBaseEngineSink@@IAE_NKPAXG@Z 0042c2bc     DataBaseEngineSink.obj
 0002:000082d0       __ehfuncinfo$?OnRequestLoadGroupMember@CDataBaseEngineSink@@IAE_NKPAXG@Z 0042c2d0     DataBaseEngineSink.obj
 0002:000082f4       __catchsym$?OnRequestLoadGroupConfig@CDataBaseEngineSink@@IAE_NKPAXG@Z$2 0042c2f4     DataBaseEngineSink.obj
 0002:00008304       __unwindtable$?OnRequestLoadGroupConfig@CDataBaseEngineSink@@IAE_NKPAXG@Z 0042c304     DataBaseEngineSink.obj
 0002:00008314       __tryblocktable$?OnRequestLoadGroupConfig@CDataBaseEngineSink@@IAE_NKPAXG@Z 0042c314     DataBaseEngineSink.obj
 0002:00008328       __ehfuncinfo$?OnRequestLoadGroupConfig@CDataBaseEngineSink@@IAE_NKPAXG@Z 0042c328     DataBaseEngineSink.obj
 0002:0000834c       __unwindtable$?ExtractGroupID@CDataBaseEngineSink@@IAEGPB_WAAVCDWordArray@@@Z 0042c34c     DataBaseEngineSink.obj
 0002:00008364       __ehfuncinfo$?ExtractGroupID@CDataBaseEngineSink@@IAEGPB_WAAVCDWordArray@@@Z 0042c364     DataBaseEngineSink.obj
 0002:00008388       __unwindtable$?TraceDatabaseException@CDataBaseEngineSink@@IAEXPAD0HPAUIDataBaseException@@@Z 0042c388     DataBaseEngineSink.obj
 0002:00008390       __ehfuncinfo$?TraceDatabaseException@CDataBaseEngineSink@@IAEXPAD0HPAUIDataBaseException@@@Z 0042c390     DataBaseEngineSink.obj
 0002:000083b4       __unwindtable$??1CGroupItem@@MAE@XZ 0042c3b4     GroupInfoManager.obj
 0002:000083cc       __ehfuncinfo$??1CGroupItem@@MAE@XZ 0042c3cc     GroupInfoManager.obj
 0002:000083f0       __unwindtable$??0CGroupInfoManager@@QAE@XZ 0042c3f0     GroupInfoManager.obj
 0002:00008400       __ehfuncinfo$??0CGroupInfoManager@@QAE@XZ 0042c400     GroupInfoManager.obj
 0002:00008424       __catchsym$??1CGroupInfoManager@@UAE@XZ$7 0042c424     GroupInfoManager.obj
 0002:00008434       __catchsym$??1CGroupInfoManager@@UAE@XZ$6 0042c434     GroupInfoManager.obj
 0002:00008444       __ehfuncinfo$??1CGroupInfoManager@@UAE@XZ 0042c444     GroupInfoManager.obj
 0002:00008468       __tryblocktable$??1CGroupInfoManager@@UAE@XZ 0042c468     GroupInfoManager.obj
 0002:00008490       __unwindtable$??1CGroupInfoManager@@UAE@XZ 0042c490     GroupInfoManager.obj
 0002:000084c0       __catchsym$?ActiveGroupItem@CGroupInfoManager@@UAE_NAAUtagIMGroupItem@@@Z$3 0042c4c0     GroupInfoManager.obj
 0002:000084d0       __unwindtable$?ActiveGroupItem@CGroupInfoManager@@UAE_NAAUtagIMGroupItem@@@Z 0042c4d0     GroupInfoManager.obj
 0002:000084e0       __tryblocktable$?ActiveGroupItem@CGroupInfoManager@@UAE_NAAUtagIMGroupItem@@@Z 0042c4e0     GroupInfoManager.obj
 0002:000084f4       __ehfuncinfo$?ActiveGroupItem@CGroupInfoManager@@UAE_NAAUtagIMGroupItem@@@Z 0042c4f4     GroupInfoManager.obj
 0002:0000856c       __unwindtable$?LoadInitParameter@CInitParameter@@QAEXXZ 0042c56c     InitParameter.obj
 0002:00008574       __ehfuncinfo$?LoadInitParameter@CInitParameter@@QAEXXZ 0042c574     InitParameter.obj
 0002:00008598       __unwindtable$??0CServerListManager@NServerListManager@@QAE@XZ 0042c598     ServerListManager.obj
 0002:000085a8       __ehfuncinfo$??0CServerListManager@NServerListManager@@QAE@XZ 0042c5a8     ServerListManager.obj
 0002:000085cc       __ehfuncinfo$??1CServerListManager@NServerListManager@@UAE@XZ 0042c5cc     ServerListManager.obj
 0002:000085f0       __unwindtable$??1CServerListManager@NServerListManager@@UAE@XZ 0042c5f0     ServerListManager.obj
 0002:00008620       __catchsym$?InsertGameServer@CServerListManager@NServerListManager@@QAE_NPAUtagGameServer@@@Z$3 0042c620     ServerListManager.obj
 0002:00008630       __unwindtable$?InsertGameServer@CServerListManager@NServerListManager@@QAE_NPAUtagGameServer@@@Z 0042c630     ServerListManager.obj
 0002:00008640       __tryblocktable$?InsertGameServer@CServerListManager@NServerListManager@@QAE_NPAUtagGameServer@@@Z 0042c640     ServerListManager.obj
 0002:00008654       __ehfuncinfo$?InsertGameServer@CServerListManager@NServerListManager@@QAE_NPAUtagGameServer@@@Z 0042c654     ServerListManager.obj
 0002:00008678       __unwindtable$??0CLocalUserItem@@IAE@XZ 0042c678     ServerUserManager.obj
 0002:00008688       __ehfuncinfo$??0CLocalUserItem@@IAE@XZ 0042c688     ServerUserManager.obj
 0002:000086ac       __unwindtable$??_GCLocalUserItem@@MAEPAXI@Z 0042c6ac     ServerUserManager.obj
 0002:000086b4       __ehfuncinfo$??_GCLocalUserItem@@MAEPAXI@Z 0042c6b4     ServerUserManager.obj
 0002:000086d8       __unwindtable$??0CServerUserManager@@QAE@XZ 0042c6d8     ServerUserManager.obj
 0002:000086f0       __ehfuncinfo$??0CServerUserManager@@QAE@XZ 0042c6f0     ServerUserManager.obj
 0002:00008714       __catchsym$??1CServerUserManager@@UAE@XZ$8 0042c714     ServerUserManager.obj
 0002:00008724       __catchsym$??1CServerUserManager@@UAE@XZ$7 0042c724     ServerUserManager.obj
 0002:00008734       __ehfuncinfo$??1CServerUserManager@@UAE@XZ 0042c734     ServerUserManager.obj
 0002:00008758       __tryblocktable$??1CServerUserManager@@UAE@XZ 0042c758     ServerUserManager.obj
 0002:00008780       __unwindtable$??1CServerUserManager@@UAE@XZ 0042c780     ServerUserManager.obj
 0002:000087b8       __catchsym$?InsertRemoteUserItem@CServerUserManager@@UAEPAVCRemoteUserItem@@AAUtagIMUserInfo@@@Z$3 0042c7b8     ServerUserManager.obj
 0002:000087c8       __unwindtable$?InsertRemoteUserItem@CServerUserManager@@UAEPAVCRemoteUserItem@@AAUtagIMUserInfo@@@Z 0042c7c8     ServerUserManager.obj
 0002:000087d8       __tryblocktable$?InsertRemoteUserItem@CServerUserManager@@UAEPAVCRemoteUserItem@@AAUtagIMUserInfo@@@Z 0042c7d8     ServerUserManager.obj
 0002:000087ec       __ehfuncinfo$?InsertRemoteUserItem@CServerUserManager@@UAEPAVCRemoteUserItem@@AAUtagIMUserInfo@@@Z 0042c7ec     ServerUserManager.obj
 0002:00008810       __catchsym$?InsertLocalUserItem@CServerUserManager@@UAEPAVCLocalUserItem@@AAUtagIMUserInfo@@PB_W@Z$3 0042c810     ServerUserManager.obj
 0002:00008820       __tryblocktable$?InsertLocalUserItem@CServerUserManager@@UAEPAVCLocalUserItem@@AAUtagIMUserInfo@@PB_W@Z 0042c820     ServerUserManager.obj
 0002:00008834       __unwindtable$?InsertLocalUserItem@CServerUserManager@@UAEPAVCLocalUserItem@@AAUtagIMUserInfo@@PB_W@Z 0042c834     ServerUserManager.obj
 0002:0000884c       __ehfuncinfo$?InsertLocalUserItem@CServerUserManager@@UAEPAVCLocalUserItem@@AAUtagIMUserInfo@@PB_W@Z 0042c84c     ServerUserManager.obj
 0002:00008870       __unwindtable$?CreateInstance@?$CTempldateHelper@UITimerEngine@@@@QAE_NXZ 0042c870     ServiceUnits.obj
 0002:00008870       __unwindtable$?CreateInstance@?$CTempldateHelper@UITCPSocketService@@@@QAE_NXZ 0042c870     ServiceUnits.obj
 0002:00008870       __unwindtable$?CreateInstance@?$CTempldateHelper@UIAttemperEngine@@@@QAE_NXZ 0042c870     ServiceUnits.obj
 0002:00008870       __unwindtable$?CreateInstance@?$CTempldateHelper@UITCPNetworkEngine@@@@QAE_NXZ 0042c870     ServiceUnits.obj
 0002:00008870       __unwindtable$?CreateInstance@?$CTempldateHelper@UIDataBase@@@@QAE_NXZ 0042c870     ServiceUnits.obj
 0002:00008870       __unwindtable$?CreateInstance@?$CTempldateHelper@UIDataBaseEngine@@@@QAE_NXZ 0042c870     ServiceUnits.obj
 0002:00008880       __tryblocktable$?CreateInstance@?$CTempldateHelper@UITimerEngine@@@@QAE_NXZ 0042c880     ServiceUnits.obj
 0002:00008880       __tryblocktable$?CreateInstance@?$CTempldateHelper@UITCPNetworkEngine@@@@QAE_NXZ 0042c880     ServiceUnits.obj
 0002:00008880       __tryblocktable$?CreateInstance@?$CTempldateHelper@UITCPSocketService@@@@QAE_NXZ 0042c880     ServiceUnits.obj
 0002:00008880       __tryblocktable$?CreateInstance@?$CTempldateHelper@UIAttemperEngine@@@@QAE_NXZ 0042c880     ServiceUnits.obj
 0002:00008880       __tryblocktable$?CreateInstance@?$CTempldateHelper@UIDataBase@@@@QAE_NXZ 0042c880     ServiceUnits.obj
 0002:00008880       __tryblocktable$?CreateInstance@?$CTempldateHelper@UIDataBaseEngine@@@@QAE_NXZ 0042c880     ServiceUnits.obj
 0002:00008894       __catchsym$?CreateInstance@?$CTempldateHelper@UIDataBaseEngine@@@@QAE_NXZ$3 0042c894     ServiceUnits.obj
 0002:00008894       __catchsym$?CreateInstance@?$CTempldateHelper@UIAttemperEngine@@@@QAE_NXZ$3 0042c894     ServiceUnits.obj
 0002:00008894       __catchsym$?CreateInstance@?$CTempldateHelper@UIDataBase@@@@QAE_NXZ$3 0042c894     ServiceUnits.obj
 0002:00008894       __catchsym$?CreateInstance@?$CTempldateHelper@UITCPSocketService@@@@QAE_NXZ$3 0042c894     ServiceUnits.obj
 0002:00008894       __catchsym$?CreateInstance@?$CTempldateHelper@UITimerEngine@@@@QAE_NXZ$3 0042c894     ServiceUnits.obj
 0002:00008894       __catchsym$?CreateInstance@?$CTempldateHelper@UITCPNetworkEngine@@@@QAE_NXZ$3 0042c894     ServiceUnits.obj
 0002:000088b4       __ehfuncinfo$?CreateInstance@?$CTempldateHelper@UITCPNetworkEngine@@@@QAE_NXZ 0042c8b4     ServiceUnits.obj
 0002:000088b4       __ehfuncinfo$?CreateInstance@?$CTempldateHelper@UITimerEngine@@@@QAE_NXZ 0042c8b4     ServiceUnits.obj
 0002:000088b4       __ehfuncinfo$?CreateInstance@?$CTempldateHelper@UIDataBase@@@@QAE_NXZ 0042c8b4     ServiceUnits.obj
 0002:000088b4       __ehfuncinfo$?CreateInstance@?$CTempldateHelper@UIDataBaseEngine@@@@QAE_NXZ 0042c8b4     ServiceUnits.obj
 0002:000088b4       __ehfuncinfo$?CreateInstance@?$CTempldateHelper@UITCPSocketService@@@@QAE_NXZ 0042c8b4     ServiceUnits.obj
 0002:000088b4       __ehfuncinfo$?CreateInstance@?$CTempldateHelper@UIAttemperEngine@@@@QAE_NXZ 0042c8b4     ServiceUnits.obj
 0002:000088d8       __ehfuncinfo$??0CServiceUnits@@QAE@XZ 0042c8d8     ServiceUnits.obj
 0002:000088fc       __unwindtable$??0CServiceUnits@@QAE@XZ 0042c8fc     ServiceUnits.obj
 0002:0000892c       __ehfuncinfo$??1CServiceUnits@@UAE@XZ 0042c92c     ServiceUnits.obj
 0002:00008950       __unwindtable$??1CServiceUnits@@UAE@XZ 0042c950     ServiceUnits.obj
 0002:000089c8       __unwindtable$?PostControlRequest@CServiceUnits@@UAA_NGPAXG@Z 0042c9c8     ServiceUnits.obj
 0002:000089d0       __ehfuncinfo$?PostControlRequest@CServiceUnits@@UAA_NGPAXG@Z 0042c9d0     ServiceUnits.obj
 0002:000089f4       __unwindtable$?OnUIControlRequest@CServiceUnits@@IAEJIJ@Z 0042c9f4     ServiceUnits.obj
 0002:000089fc       __ehfuncinfo$?OnUIControlRequest@CServiceUnits@@IAEJIJ@Z 0042c9fc     ServiceUnits.obj
 0002:00008a20       __catchsym$??1CWordNode@@UAE@XZ$4 0042ca20     WordFilter.obj
 0002:00008a30       __tryblocktable$??1CWordNode@@UAE@XZ 0042ca30     WordFilter.obj
 0002:00008a44       __unwindtable$??1CWordNode@@UAE@XZ 0042ca44     WordFilter.obj
 0002:00008a64       __ehfuncinfo$??1CWordNode@@UAE@XZ 0042ca64     WordFilter.obj
 0002:00008a88       __catchsym$?InsertChild@CWordNode@@QAEPAV1@D@Z$3 0042ca88     WordFilter.obj
 0002:00008a98       __unwindtable$?InsertChild@CWordNode@@QAEPAV1@D@Z 0042ca98     WordFilter.obj
 0002:00008aa8       __tryblocktable$?InsertChild@CWordNode@@QAEPAV1@D@Z 0042caa8     WordFilter.obj
 0002:00008abc       __ehfuncinfo$?InsertChild@CWordNode@@QAEPAV1@D@Z 0042cabc     WordFilter.obj
 0002:00008ae0       __catchsym$??1CWordTree@@UAE@XZ$2 0042cae0     WordFilter.obj
 0002:00008af0       __unwindtable$??1CWordTree@@UAE@XZ 0042caf0     WordFilter.obj
 0002:00008b00       __tryblocktable$??1CWordTree@@UAE@XZ 0042cb00     WordFilter.obj
 0002:00008b14       __ehfuncinfo$??1CWordTree@@UAE@XZ 0042cb14     WordFilter.obj
 0002:00008b38       __catchsym$?RebuildTree@CWordTree@@IAEXXZ$6 0042cb38     WordFilter.obj
 0002:00008b48       __catchsym$?RebuildTree@CWordTree@@IAEXXZ$5 0042cb48     WordFilter.obj
 0002:00008b58       __unwindtable$?RebuildTree@CWordTree@@IAEXXZ 0042cb58     WordFilter.obj
 0002:00008b78       __ehfuncinfo$?RebuildTree@CWordTree@@IAEXXZ 0042cb78     WordFilter.obj
 0002:00008b9c       __tryblocktable$?RebuildTree@CWordTree@@IAEXXZ 0042cb9c     WordFilter.obj
 0002:00008bc4       __unwindtable$??0CWordFilter@@QAE@XZ 0042cbc4     WordFilter.obj
 0002:00008bcc       __ehfuncinfo$??0CWordFilter@@QAE@XZ 0042cbcc     WordFilter.obj
 0002:00008bf0       __unwindtable$?InsertKeyword@CWordFilter@@QAE_NPB_W@Z 0042cbf0     WordFilter.obj
 0002:00008bf8       __ehfuncinfo$?InsertKeyword@CWordFilter@@QAE_NPB_W@Z 0042cbf8     WordFilter.obj
 0002:00008c1c       __unwindtable$?FilterWords@CWordFilter@@QAE_NPB_W@Z 0042cc1c     WordFilter.obj
 0002:00008c24       __ehfuncinfo$?FilterWords@CWordFilter@@QAE_NPB_W@Z 0042cc24     WordFilter.obj
 0002:00008c48       __sehtable$___tmainCRTStartup 0042cc48     msvcrt:wcrtexew.obj
 0002:00008c68       __sehtable$__onexit        0042cc68     msvcrt:atonexit.obj
 0002:00008c88       __sehtable$??_L@YGXPAXIHP6EX0@Z1@Z 0042cc88     msvcrt:ehvecctr.obj
 0002:00008ca8       __sehtable$??_M@YGXPAXIHP6EX0@Z@Z 0042cca8     msvcrt:ehvecdtr.obj
 0002:00008cc8       __sehtable$?__ArrayUnwind@@YGXPAXIHP6EX0@Z@Z 0042ccc8     msvcrt:ehvecdtr.obj
 0002:00008ce8       __sehtable$__IsNonwritableInCurrentImage 0042cce8     msvcrt:pesect.obj
 0002:00009334       .idata$6                   0042d334     mfc120u:mfc120u.dll
 0002:00009588       .idata$6                   0042d588     msvcrt:MSVCR120.dll
 0002:000098dc       .idata$6                   0042d8dc     kernel32:KERNEL32.dll
 0002:0000993e       .idata$6                   0042d93e     user32:USER32.dll
 0002:0000994a       .idata$6                   0042d94a     comctl32:COMCTL32.dll
 0002:00009958       .idata$6                   0042d958     oleaut32:OLEAUT32.dll
 0002:00009b2c       .idata$6                   0042db2c     ServiceCore:ServiceCore.dll
 0002:0000a056       .idata$6                   0042e056     KernelEngine:KernelEngine.dll
 0002:0000a07c       .idata$6                   0042e07c     DbgHelp:dbghelp.dll
 0003:000001e0       _PADDING                   0042f1e0     Stdafx.obj
 0003:00000b94       ?strFile@?4??SendLogData@CAttemperEngineSink@@IAAXPB_WZZ@4V?$CStringT@_WV?$StrTraitMFC_DLL@_WV?$ChTraitsCRT@_W@ATL@@@@@ATL@@A 0042fb94     AttemperEngineSink.obj
 0003:00000b98       ?$S1@?4??SendLogData@CAttemperEngineSink@@IAAXPB_WZZ@4IA 0042fb98     AttemperEngineSink.obj
 0003:00000ba8       _g_sResult                 0042fba8     Stdafx.obj
 0003:000013b0       _g_wsResult                004303b0     Stdafx.obj
 0003:00001bbc       _has_cctor                 00430bbc     msvcrt:wcrtexew.obj
 0003:00001bc0       _mainret                   00430bc0     msvcrt:wcrtexew.obj
 0003:00001bc4       _managedapp                00430bc4     msvcrt:wcrtexew.obj
 0003:00001bc8       _argc                      00430bc8     msvcrt:wcrtexew.obj
 0003:00001bcc       _argv                      00430bcc     msvcrt:wcrtexew.obj
 0003:00001bd0       _envp                      00430bd0     msvcrt:wcrtexew.obj
 0003:00001bd4       _argret                    00430bd4     msvcrt:wcrtexew.obj
 0003:00001bd8       _startinfo                 00430bd8     msvcrt:wcrtexew.obj
 0003:00001bf0       _GS_ExceptionRecord        00430bf0     msvcrt:gs_report.obj
 0003:00001c40       _GS_ContextRecord          00430c40     msvcrt:gs_report.obj
 0003:00001f0c       _DebuggerWasPresent        00430f0c     msvcrt:gs_report.obj
 0004:00000390       $R000000                   00431390     AccessServer.res
 0004:000009f8       $R000668                   004319f8     AccessServer.res
 0004:00000ce0       $R000950                   00431ce0     AccessServer.res
 0004:00000e08       $R000A78                   00431e08     AccessServer.res
 0004:00001cb0       $R001920                   00432cb0     AccessServer.res
 0004:00002558       $R0021C8                   00433558     AccessServer.res
 0004:00002ac0       $R002730                   00433ac0     AccessServer.res
 0004:00044ae8       $R044758                   00475ae8     AccessServer.res
 0004:00055310       $R054F80                   00486310     AccessServer.res
 0004:000578b8       $R057528                   004888b8     AccessServer.res
 0004:00058960       $R0585D0                   00489960     AccessServer.res
 0004:00058dc8       $R058A38                   00489dc8     AccessServer.res
 0004:00058e68       $R058AD8                   00489e68     AccessServer.res
 0004:00058f68       $R058BD8                   00489f68     AccessServer.res
 0004:00059240       $R058EB0                   0048a240     AccessServer.res
 0004:00059540       $R0591B0                   0048a540     AccessServer.res
